Archive member included because of file (symbol)

c:/altera/13.0/nios2eds/bin/gnu/h-i686-mingw32/bin/../lib/gcc/nios2-elf/4.1.2/../../../../nios2-elf/lib\libc.a(lib_a-puts.o)
                              obj/default/hello_world.o (puts)
c:/altera/13.0/nios2eds/bin/gnu/h-i686-mingw32/bin/../lib/gcc/nios2-elf/4.1.2/../../../../nios2-elf/lib\libc.a(lib_a-strlen.o)
                              c:/altera/13.0/nios2eds/bin/gnu/h-i686-mingw32/bin/../lib/gcc/nios2-elf/4.1.2/../../../../nios2-elf/lib\libc.a(lib_a-puts.o) (strlen)
c:/altera/13.0/nios2eds/bin/gnu/h-i686-mingw32/bin/../lib/gcc/nios2-elf/4.1.2/../../../../nios2-elf/lib\libc.a(lib_a-fvwrite.o)
                              c:/altera/13.0/nios2eds/bin/gnu/h-i686-mingw32/bin/../lib/gcc/nios2-elf/4.1.2/../../../../nios2-elf/lib\libc.a(lib_a-puts.o) (__sfvwrite_r)
c:/altera/13.0/nios2eds/bin/gnu/h-i686-mingw32/bin/../lib/gcc/nios2-elf/4.1.2/../../../../nios2-elf/lib\libc.a(lib_a-impure.o)
                              c:/altera/13.0/nios2eds/bin/gnu/h-i686-mingw32/bin/../lib/gcc/nios2-elf/4.1.2/../../../../nios2-elf/lib\libc.a(lib_a-puts.o) (_impure_ptr)
c:/altera/13.0/nios2eds/bin/gnu/h-i686-mingw32/bin/../lib/gcc/nios2-elf/4.1.2/../../../../nios2-elf/lib\libc.a(lib_a-mallocr.o)
                              c:/altera/13.0/nios2eds/bin/gnu/h-i686-mingw32/bin/../lib/gcc/nios2-elf/4.1.2/../../../../nios2-elf/lib\libc.a(lib_a-fvwrite.o) (_malloc_r)
c:/altera/13.0/nios2eds/bin/gnu/h-i686-mingw32/bin/../lib/gcc/nios2-elf/4.1.2/../../../../nios2-elf/lib\libc.a(lib_a-memchr.o)
                              c:/altera/13.0/nios2eds/bin/gnu/h-i686-mingw32/bin/../lib/gcc/nios2-elf/4.1.2/../../../../nios2-elf/lib\libc.a(lib_a-fvwrite.o) (memchr)
c:/altera/13.0/nios2eds/bin/gnu/h-i686-mingw32/bin/../lib/gcc/nios2-elf/4.1.2/../../../../nios2-elf/lib\libc.a(lib_a-memcpy.o)
                              c:/altera/13.0/nios2eds/bin/gnu/h-i686-mingw32/bin/../lib/gcc/nios2-elf/4.1.2/../../../../nios2-elf/lib\libc.a(lib_a-fvwrite.o) (memcpy)
c:/altera/13.0/nios2eds/bin/gnu/h-i686-mingw32/bin/../lib/gcc/nios2-elf/4.1.2/../../../../nios2-elf/lib\libc.a(lib_a-memmove.o)
                              c:/altera/13.0/nios2eds/bin/gnu/h-i686-mingw32/bin/../lib/gcc/nios2-elf/4.1.2/../../../../nios2-elf/lib\libc.a(lib_a-fvwrite.o) (memmove)
c:/altera/13.0/nios2eds/bin/gnu/h-i686-mingw32/bin/../lib/gcc/nios2-elf/4.1.2/../../../../nios2-elf/lib\libc.a(lib_a-reallocr.o)
                              c:/altera/13.0/nios2eds/bin/gnu/h-i686-mingw32/bin/../lib/gcc/nios2-elf/4.1.2/../../../../nios2-elf/lib\libc.a(lib_a-fvwrite.o) (_realloc_r)
c:/altera/13.0/nios2eds/bin/gnu/h-i686-mingw32/bin/../lib/gcc/nios2-elf/4.1.2/../../../../nios2-elf/lib\libc.a(lib_a-sbrkr.o)
                              c:/altera/13.0/nios2eds/bin/gnu/h-i686-mingw32/bin/../lib/gcc/nios2-elf/4.1.2/../../../../nios2-elf/lib\libc.a(lib_a-mallocr.o) (_sbrk_r)
c:/altera/13.0/nios2eds/bin/gnu/h-i686-mingw32/bin/../lib/gcc/nios2-elf/4.1.2/../../../../nios2-elf/lib\libc.a(lib_a-wsetup.o)
                              c:/altera/13.0/nios2eds/bin/gnu/h-i686-mingw32/bin/../lib/gcc/nios2-elf/4.1.2/../../../../nios2-elf/lib\libc.a(lib_a-fvwrite.o) (__swsetup_r)
c:/altera/13.0/nios2eds/bin/gnu/h-i686-mingw32/bin/../lib/gcc/nios2-elf/4.1.2/../../../../nios2-elf/lib\libc.a(lib_a-fflush.o)
                              c:/altera/13.0/nios2eds/bin/gnu/h-i686-mingw32/bin/../lib/gcc/nios2-elf/4.1.2/../../../../nios2-elf/lib\libc.a(lib_a-fvwrite.o) (_fflush_r)
c:/altera/13.0/nios2eds/bin/gnu/h-i686-mingw32/bin/../lib/gcc/nios2-elf/4.1.2/../../../../nios2-elf/lib\libc.a(lib_a-findfp.o)
                              c:/altera/13.0/nios2eds/bin/gnu/h-i686-mingw32/bin/../lib/gcc/nios2-elf/4.1.2/../../../../nios2-elf/lib\libc.a(lib_a-wsetup.o) (__sinit)
c:/altera/13.0/nios2eds/bin/gnu/h-i686-mingw32/bin/../lib/gcc/nios2-elf/4.1.2/../../../../nios2-elf/lib\libc.a(lib_a-freer.o)
                              c:/altera/13.0/nios2eds/bin/gnu/h-i686-mingw32/bin/../lib/gcc/nios2-elf/4.1.2/../../../../nios2-elf/lib\libc.a(lib_a-fvwrite.o) (_free_r)
c:/altera/13.0/nios2eds/bin/gnu/h-i686-mingw32/bin/../lib/gcc/nios2-elf/4.1.2/../../../../nios2-elf/lib\libc.a(lib_a-fwalk.o)
                              c:/altera/13.0/nios2eds/bin/gnu/h-i686-mingw32/bin/../lib/gcc/nios2-elf/4.1.2/../../../../nios2-elf/lib\libc.a(lib_a-fflush.o) (_fwalk_reent)
c:/altera/13.0/nios2eds/bin/gnu/h-i686-mingw32/bin/../lib/gcc/nios2-elf/4.1.2/../../../../nios2-elf/lib\libc.a(lib_a-int_errno.o)
                              c:/altera/13.0/nios2eds/bin/gnu/h-i686-mingw32/bin/../lib/gcc/nios2-elf/4.1.2/../../../../nios2-elf/lib\libc.a(lib_a-sbrkr.o) (errno)
c:/altera/13.0/nios2eds/bin/gnu/h-i686-mingw32/bin/../lib/gcc/nios2-elf/4.1.2/../../../../nios2-elf/lib\libc.a(lib_a-makebuf.o)
                              c:/altera/13.0/nios2eds/bin/gnu/h-i686-mingw32/bin/../lib/gcc/nios2-elf/4.1.2/../../../../nios2-elf/lib\libc.a(lib_a-wsetup.o) (__smakebuf_r)
[...]
Memory Configuration

Name             Origin             Length             Attributes
onchip_memory_BEFORE_EXCEPTION 0x00000000         0x00000020
onchip_memory    0x00000020         0x00031fe0
reset            0x01000000         0x00000020
flash_controller 0x01000020         0x007fffe0
sdram            0x08000000         0x08000000
*default*        0x00000000         0xffffffff

Linker script and memory map

LOAD ../hello_lab_bsp//obj/HAL/src/crt0.o
LOAD obj/default/hello_world.o
LOAD c:/altera/13.0/nios2eds/bin/gnu/h-i686-mingw32/bin/../lib/gcc/nios2-elf/4.1.2/../../../../nios2-elf/lib\libstdc++.a
LOAD c:/altera/13.0/nios2eds/bin/gnu/h-i686-mingw32/bin/../lib/gcc/nios2-elf/4.1.2/../../../../nios2-elf/lib\libm.a
LOAD c:/altera/13.0/nios2eds/bin/gnu/h-i686-mingw32/bin/../lib/gcc/nios2-elf/4.1.2\libgcc.a
START GROUP
LOAD c:/altera/13.0/nios2eds/bin/gnu/h-i686-mingw32/bin/../lib/gcc/nios2-elf/4.1.2/../../../../nios2-elf/lib\libc.a
LOAD c:/altera/13.0/nios2eds/bin/gnu/h-i686-mingw32/bin/../lib/gcc/nios2-elf/4.1.2\libgcc.a
LOAD ../hello_lab_bsp/\libhal_bsp.a
END GROUP
LOAD c:/altera/13.0/nios2eds/bin/gnu/h-i686-mingw32/bin/../lib/gcc/nios2-elf/4.1.2\libgcc.a
                0x00000000                __alt_mem_onchip_memory = 0x0
                0x01000000                __alt_mem_flash_controller = 0x1000000
                0x08000000                __alt_mem_sdram = 0x8000000

.entry          0x01000000        0x0
 *(.entry)
 .entry         0x01000000        0x0 ../hello_lab_bsp//obj/HAL/src/crt0.o
                0x01000000                __reset

.exceptions     0x00000020      0x198
                0x00000020                PROVIDE (__ram_exceptions_start, ABSOLUTE (.))
                0x00000020                . = ALIGN (0x20)
 *(.irq)
 *(.exceptions.entry.label)
 .exceptions.entry.label
                0x00000020        0x0 ../hello_lab_bsp/\libhal_bsp.a(alt_irq_entry.o)
                0x00000020                alt_irq_entry
 .exceptions.entry.label
                0x00000020        0x0 ../hello_lab_bsp/\libhal_bsp.a(alt_exception_entry.o)
                0x00000020                alt_exception
 *(.exceptions.entry.user)
 *(.exceptions.entry)
 .exceptions.entry
                0x00000020       0x54 ../hello_lab_bsp/\libhal_bsp.a(alt_exception_entry.o)
 *(.exceptions.irqtest.user)
 *(.exceptions.irqtest)
 .exceptions.irqtest
                0x00000074       0x10 ../hello_lab_bsp/\libhal_bsp.a(alt_irq_entry.o)
 *(.exceptions.irqhandler.user)
 *(.exceptions.irqhandler)
 .exceptions.irqhandler
                0x00000084        0x4 ../hello_lab_bsp/\libhal_bsp.a(alt_irq_entry.o)
 *(.exceptions.irqreturn.user)
 *(.exceptions.irqreturn)
 .exceptions.irqreturn
                0x00000088        0x4 ../hello_lab_bsp/\libhal_bsp.a(alt_irq_entry.o)
 *(.exceptions.notirq.label)
 .exceptions.notirq.label
                0x0000008c        0x0 ../hello_lab_bsp/\libhal_bsp.a(alt_irq_entry.o)
 *(.exceptions.notirq.user)
 *(.exceptions.notirq)
 .exceptions.notirq
                0x0000008c        0x8 ../hello_lab_bsp/\libhal_bsp.a(alt_exception_entry.o)
 *(.exceptions.soft.user)
 *(.exceptions.soft)
 *(.exceptions.unknown.user)
 *(.exceptions.unknown)
 .exceptions.unknown
                0x00000094        0x4 ../hello_lab_bsp/\libhal_bsp.a(alt_exception_entry.o)
 *(.exceptions.exit.label)
 .exceptions.exit.label
                0x00000098        0x0 ../hello_lab_bsp/\libhal_bsp.a(alt_irq_entry.o)
 .exceptions.exit.label
                0x00000098        0x0 ../hello_lab_bsp/\libhal_bsp.a(alt_exception_entry.o)
 *(.exceptions.exit.user)
 *(.exceptions.exit)
 .exceptions.exit
                0x00000098       0x54 ../hello_lab_bsp/\libhal_bsp.a(alt_exception_entry.o)
 *(.exceptions)
 .exceptions    0x000000ec       0xcc ../hello_lab_bsp/\libhal_bsp.a(alt_irq_handler.o)
                0x000000ec                alt_irq_handler
                0x000001b8                PROVIDE (__ram_exceptions_end, ABSOLUTE (.))
                0x00000020                PROVIDE (__flash_exceptions_start, LOADADDR (.exceptions))

.text           0x000001b8     0xa0b0
                0x000001b8                PROVIDE (stext, ABSOLUTE (.))
 *(.interp)
 *(.hash)
 *(.dynsym)
 *(.dynstr)
 *(.gnu.version)
 *(.gnu.version_d)
 *(.gnu.version_r)
 *(.rel.init)
 *(.rela.init)
 *(.rel.text .rel.text.* .rel.gnu.linkonce.t.*)
 *(.rela.text .rela.text.* .rela.gnu.linkonce.t.*)
 *(.rel.fini)
 *(.rela.fini)
 *(.rel.rodata .rel.rodata.* .rel.gnu.linkonce.r.*)
 *(.rela.rodata .rela.rodata.* .rela.gnu.linkonce.r.*)
 *(.rel.data .rel.data.* .rel.gnu.linkonce.d.*)
 *(.rela.data .rela.data.* .rela.gnu.linkonce.d.*)
 *(.rel.tdata .rel.tdata.* .rel.gnu.linkonce.td.*)
 *(.rela.tdata .rela.tdata.* .rela.gnu.linkonce.td.*)
 *(.rel.tbss .rel.tbss.* .rel.gnu.linkonce.tb.*)
 *(.rela.tbss .rela.tbss.* .rela.gnu.linkonce.tb.*)
 *(.rel.ctors)
 *(.rela.ctors)
 *(.rel.dtors)
 *(.rela.dtors)
 *(.rel.got)
 *(.rela.got)
 *(.rel.sdata .rel.sdata.* .rel.gnu.linkonce.s.*)
 *(.rela.sdata .rela.sdata.* .rela.gnu.linkonce.s.*)
 *(.rel.sbss .rel.sbss.* .rel.gnu.linkonce.sb.*)
 *(.rela.sbss .rela.sbss.* .rela.gnu.linkonce.sb.*)
 *(.rel.sdata2 .rel.sdata2.* .rel.gnu.linkonce.s2.*)
 *(.rela.sdata2 .rela.sdata2.* .rela.gnu.linkonce.s2.*)
 *(.rel.sbss2 .rel.sbss2.* .rel.gnu.linkonce.sb2.*)
 *(.rela.sbss2 .rela.sbss2.* .rela.gnu.linkonce.sb2.*)
 *(.rel.bss .rel.bss.* .rel.gnu.linkonce.b.*)
 *(.rela.bss .rela.bss.* .rela.gnu.linkonce.b.*)
 *(.rel.plt)
 *(.rela.plt)
 *(.rel.dyn)
 *(.init)
 *(.plt)
 *(.text .stub .text.* .gnu.linkonce.t.*)
 .text          0x000001b8       0x48 ../hello_lab_bsp//obj/HAL/src/crt0.o
                0x000001b8                _start
 .text          0x00000200       0x34 obj/default/hello_world.o
                0x00000200                main
 .text          0x00000234       0xb4 c:/altera/13.0/nios2eds/bin/gnu/h-i686-mingw32/bin/../lib/gcc/nios2-elf/4.1.2/../../../../nios2-elf/lib\libc.a(lib_a-puts.o)
                0x00000234                _puts_r
                0x000002d4                puts
 .text          0x000002e8       0x74 c:/altera/13.0/nios2eds/bin/gnu/h-i686-mingw32/bin/../lib/gcc/nios2-elf/4.1.2/../../../../nios2-elf/lib\libc.a(lib_a-strlen.o)
                0x000002e8                strlen
 .text          0x0000035c      0x49c c:/altera/13.0/nios2eds/bin/gnu/h-i686-mingw32/bin/../lib/gcc/nios2-elf/4.1.2/../../../../nios2-elf/lib\libc.a(lib_a-fvwrite.o)
                0x0000035c                __sfvwrite_r
 .text          0x000007f8        0x0 c:/altera/13.0/nios2eds/bin/gnu/h-i686-mingw32/bin/../lib/gcc/nios2-elf/4.1.2/../../../../nios2-elf/lib\libc.a(lib_a-impure.o)
 .text          0x000007f8      0x740 c:/altera/13.0/nios2eds/bin/gnu/h-i686-mingw32/bin/../lib/gcc/nios2-elf/4.1.2/../../../../nios2-elf/lib\libc.a(lib_a-mallocr.o)
                0x000007f8                _malloc_r
 .text          0x00000f38       0xe4 c:/altera/13.0/nios2eds/bin/gnu/h-i686-mingw32/bin/../lib/gcc/nios2-elf/4.1.2/../../../../nios2-elf/lib\libc.a(lib_a-memchr.o)
                0x00000f38                memchr
 .text          0x0000101c       0xa0 c:/altera/13.0/nios2eds/bin/gnu/h-i686-mingw32/bin/../lib/gcc/nios2-elf/4.1.2/../../../../nios2-elf/lib\libc.a(lib_a-memcpy.o)
                0x0000101c                memcpy
 .text          0x000010bc       0xe0 c:/altera/13.0/nios2eds/bin/gnu/h-i686-mingw32/bin/../lib/gcc/nios2-elf/4.1.2/../../../../nios2-elf/lib\libc.a(lib_a-memmove.o)
                0x000010bc                memmove
 .text          0x0000119c      0x5f4 c:/altera/13.0/nios2eds/bin/gnu/h-i686-mingw32/bin/../lib/gcc/nios2-elf/4.1.2/../../../../nios2-elf/lib\libc.a(lib_a-reallocr.o)
                0x0000119c                _realloc_r
 .text          0x00001790       0x70 c:/altera/13.0/nios2eds/bin/gnu/h-i686-mingw32/bin/../lib/gcc/nios2-elf/4.1.2/../../../../nios2-elf/lib\libc.a(lib_a-sbrkr.o)
                0x00001790                _sbrk_r
 .text          0x00001800      0x13c c:/altera/13.0/nios2eds/bin/gnu/h-i686-mingw32/bin/../lib/gcc/nios2-elf/4.1.2/../../../../nios2-elf/lib\libc.a(lib_a-wsetup.o)
                0x00001800                __swsetup_r
 .text          0x0000193c      0x230 c:/altera/13.0/nios2eds/bin/gnu/h-i686-mingw32/bin/../lib/gcc/nios2-elf/4.1.2/../../../../nios2-elf/lib\libc.a(lib_a-fflush.o)
                0x0000193c                _fflush_r
                0x00001b38                fflush
 .text          0x00001b6c      0x2c0 c:/altera/13.0/nios2eds/bin/gnu/h-i686-mingw32/bin/../lib/gcc/nios2-elf/4.1.2/../../../../nios2-elf/lib\libc.a(lib_a-findfp.o)
                0x00001bc4                __sfp_lock_acquire
                0x00001bc8                __sfp_lock_release
                0x00001bcc                __sinit_lock_acquire
                0x00001bd0                __sinit_lock_release
                0x00001bd4                __sinit
                0x00001c88                __fp_unlock_all
                0x00001ca0                __fp_lock_all
                0x00001cb8                _cleanup_r
                0x00001cc4                _cleanup
                0x00001cd4                __sfmoreglue
                0x00001d3c                __sfp
 .text          0x00001e2c      0x440 c:/altera/13.0/nios2eds/bin/gnu/h-i686-mingw32/bin/../lib/gcc/nios2-elf/4.1.2/../../../../nios2-elf/lib\libc.a(lib_a-freer.o)
                0x00001e2c                _malloc_trim_r
                0x00001f58                _free_r
 .text          0x0000226c      0x180 c:/altera/13.0/nios2eds/bin/gnu/h-i686-mingw32/bin/../lib/gcc/nios2-elf/4.1.2/../../../../nios2-elf/lib\libc.a(lib_a-fwalk.o)
                0x0000226c                _fwalk_reent
                0x00002334                _fwalk
 .text          0x000023ec        0x0 c:/altera/13.0/nios2eds/bin/gnu/h-i686-mingw32/bin/../lib/gcc/nios2-elf/4.1.2/../../../../nios2-elf/lib\libc.a(lib_a-int_errno.o)
 .text          0x000023ec      0x194 c:/altera/13.0/nios2eds/bin/gnu/h-i686-mingw32/bin/../lib/gcc/nios2-elf/4.1.2/../../../../nios2-elf/lib\libc.a(lib_a-makebuf.o)
                0x000023ec                __smakebuf_r
 .text          0x00002580       0x98 c:/altera/13.0/nios2eds/bin/gnu/h-i686-mingw32/bin/../lib/gcc/nios2-elf/4.1.2/../../../../nios2-elf/lib\libc.a(lib_a-memset.o)
                0x00002580                memset
 .text          0x00002618      0x14c c:/altera/13.0/nios2eds/bin/gnu/h-i686-mingw32/bin/../lib/gcc/nios2-elf/4.1.2/../../../../nios2-elf/lib\libc.a(lib_a-stdio.o)
                0x00002618                __sclose
                0x00002620                __sseek
                0x00002688                __swrite
                0x00002704                __sread
 .text          0x00002764       0x78 c:/altera/13.0/nios2eds/bin/gnu/h-i686-mingw32/bin/../lib/gcc/nios2-elf/4.1.2/../../../../nios2-elf/lib\libc.a(lib_a-writer.o)
                0x00002764                _write_r
 .text          0x000027dc       0x70 c:/altera/13.0/nios2eds/bin/gnu/h-i686-mingw32/bin/../lib/gcc/nios2-elf/4.1.2/../../../../nios2-elf/lib\libc.a(lib_a-closer.o)
                0x000027dc                _close_r
 .text          0x0000284c      0x124 c:/altera/13.0/nios2eds/bin/gnu/h-i686-mingw32/bin/../lib/gcc/nios2-elf/4.1.2/../../../../nios2-elf/lib\libc.a(lib_a-fclose.o)
                0x0000284c                _fclose_r
                0x0000295c                fclose
 .text          0x00002970       0x74 c:/altera/13.0/nios2eds/bin/gnu/h-i686-mingw32/bin/../lib/gcc/nios2-elf/4.1.2/../../../../nios2-elf/lib\libc.a(lib_a-fstatr.o)
                0x00002970                _fstat_r
 .text          0x000029e4       0x70 c:/altera/13.0/nios2eds/bin/gnu/h-i686-mingw32/bin/../lib/gcc/nios2-elf/4.1.2/../../../../nios2-elf/lib\libc.a(lib_a-isattyr.o)
                0x000029e4                _isatty_r
 .text          0x00002a54       0x78 c:/altera/13.0/nios2eds/bin/gnu/h-i686-mingw32/bin/../lib/gcc/nios2-elf/4.1.2/../../../../nios2-elf/lib\libc.a(lib_a-lseekr.o)
                0x00002a54                _lseek_r
 .text          0x00002acc       0x78 c:/altera/13.0/nios2eds/bin/gnu/h-i686-mingw32/bin/../lib/gcc/nios2-elf/4.1.2/../../../../nios2-elf/lib\libc.a(lib_a-readr.o)
                0x00002acc                _read_r
 .text          0x00002b44      0x15c ../hello_lab_bsp/\libhal_bsp.a(alt_close.o)
                0x00002b44                close
 .text          0x00002ca0       0x2c ../hello_lab_bsp/\libhal_bsp.a(alt_dev.o)
 .text          0x00002ccc        0x0 ../hello_lab_bsp/\libhal_bsp.a(alt_errno.o)
 .text          0x00002ccc      0x134 ../hello_lab_bsp/\libhal_bsp.a(alt_fstat.o)
                0x00002ccc                fstat
 .text          0x00002e00      0x120 ../hello_lab_bsp/\libhal_bsp.a(alt_isatty.o)
                0x00002e00                isatty
 .text          0x00002f20      0x150 ../hello_lab_bsp/\libhal_bsp.a(alt_lseek.o)
                0x00002f20                lseek
 .text          0x00003070       0x6c ../hello_lab_bsp/\libhal_bsp.a(alt_main.o)
                0x00003070                alt_main
 .text          0x000030dc       0x40 ../hello_lab_bsp/\libhal_bsp.a(alt_malloc_lock.o)
                0x000030dc                __malloc_lock
                0x000030fc                __malloc_unlock
 .text          0x0000311c      0x180 ../hello_lab_bsp/\libhal_bsp.a(alt_read.o)
                0x0000311c                read
 .text          0x0000329c       0x60 ../hello_lab_bsp/\libhal_bsp.a(alt_release_fd.o)
                0x0000329c                alt_release_fd
 .text          0x000032fc       0xbc ../hello_lab_bsp/\libhal_bsp.a(alt_sbrk.o)
                0x000032fc                sbrk
 .text          0x000033b8      0x180 ../hello_lab_bsp/\libhal_bsp.a(alt_write.o)
                0x000033b8                write
 .text          0x00003538      0x3d8 ../hello_lab_bsp/\libhal_bsp.a(alt_sys_init.o)
                0x00003538                alt_irq_init
                0x0000356c                alt_sys_init
 .text          0x00003910      0x8d8 ../hello_lab_bsp/\libhal_bsp.a(altera_avalon_cfi_flash.o)
                0x00003910                alt_flash_cfi_init
                0x000039e4                alt_flash_cfi_write
                0x00003ca4                alt_flash_cfi_get_info
                0x00003d34                alt_flash_cfi_read
                0x00003d9c                alt_write_value_to_flash
                0x00003f00                alt_flash_program_block
 .text          0x000041e8     0x14a8 ../hello_lab_bsp/\libhal_bsp.a(altera_avalon_cfi_flash_table.o)
                0x000041e8                alt_read_query_entry_8bit
                0x00004228                alt_read_query_entry_16bit
                0x0000426c                alt_read_query_entry_32bit
                0x000042b4                alt_write_flash_command_8bit_device_8bit_mode
                0x000042f0                alt_write_flash_command_16bit_device_8bit_mode
                0x0000436c                alt_write_flash_command_32bit_device_8bit_mode
                0x000043b4                alt_write_flash_command_16bit_device_16bit_mode
                0x000043f8                alt_write_flash_command_32bit_device_16bit_mode
                0x00004440                alt_write_flash_command_32bit_device_32bit_mode
                0x00004488                alt_write_native_8bit
                0x000044bc                alt_write_native_16bit
                0x000044f0                alt_write_native_32bit
                0x00004520                alt_set_flash_width_func
                0x00004700                alt_set_flash_algorithm_func
                0x00004828                alt_read_cfi_table
                0x00004e08                alt_read_cfi_width
                0x000055b4                alt_check_primary_table
 .text          0x00005690      0x148 ../hello_lab_bsp/\libhal_bsp.a(altera_avalon_jtag_uart_fd.o)
                0x00005690                altera_avalon_jtag_uart_read_fd
                0x000056e8                altera_avalon_jtag_uart_write_fd
                0x00005740                altera_avalon_jtag_uart_close_fd
                0x00005788                altera_avalon_jtag_uart_ioctl_fd
 .text          0x000057d8      0x408 ../hello_lab_bsp/\libhal_bsp.a(altera_avalon_jtag_uart_init.o)
                0x000057d8                altera_avalon_jtag_uart_init
                0x00005b6c                altera_avalon_jtag_uart_close
 .text          0x00005be0       0xf4 ../hello_lab_bsp/\libhal_bsp.a(altera_avalon_jtag_uart_ioctl.o)
                0x00005be0                altera_avalon_jtag_uart_ioctl
 .text          0x00005cd4      0x224 ../hello_lab_bsp/\libhal_bsp.a(altera_avalon_jtag_uart_read.o)
                0x00005cd4                altera_avalon_jtag_uart_read
 .text          0x00005ef8      0x240 ../hello_lab_bsp/\libhal_bsp.a(altera_avalon_jtag_uart_write.o)
                0x00005ef8                altera_avalon_jtag_uart_write
 .text          0x00006138      0xee0 ../hello_lab_bsp/\libhal_bsp.a(altera_avalon_lcd_16207.o)
                0x0000690c                altera_avalon_lcd_16207_write
                0x00006edc                altera_avalon_lcd_16207_init
 .text          0x00007018       0x58 ../hello_lab_bsp/\libhal_bsp.a(altera_avalon_lcd_16207_fd.o)
                0x00007018                altera_avalon_lcd_16207_write_fd
 .text          0x00007070       0xfc ../hello_lab_bsp/\libhal_bsp.a(altera_avalon_timer_sc.o)
                0x000070e4                alt_avalon_timer_sc_init
 .text          0x0000716c       0xf8 ../hello_lab_bsp/\libhal_bsp.a(altera_avalon_uart_fd.o)
                0x0000716c                altera_avalon_uart_read_fd
                0x000071c4                altera_avalon_uart_write_fd
                0x0000721c                altera_avalon_uart_close_fd
 .text          0x00007264      0x3fc ../hello_lab_bsp/\libhal_bsp.a(altera_avalon_uart_init.o)
                0x00007264                altera_avalon_uart_init
                0x00007600                altera_avalon_uart_close
 .text          0x00007660      0x290 ../hello_lab_bsp/\libhal_bsp.a(altera_avalon_uart_read.o)
                0x00007660                altera_avalon_uart_read
 .text          0x000078f0      0x228 ../hello_lab_bsp/\libhal_bsp.a(altera_avalon_uart_write.o)
                0x000078f0                altera_avalon_uart_write
 .text          0x00007b18      0x700 ../hello_lab_bsp/\libhal_bsp.a(altera_up_avalon_ps2.o)
                0x00007b18                read_RI_bit
                0x00007b4c                read_RE_bit
                0x00007b7c                read_CE_bit
                0x00007bb0                read_num_bytes_available
                0x00007be4                read_data_valid
                0x00007c18                read_data_byte
                0x00007c44                alt_up_ps2_init
                0x00007d10                alt_up_ps2_enable_read_interrupt
                0x00007d64                alt_up_ps2_disable_read_interrupt
                0x00007dbc                alt_up_ps2_write_data_byte
                0x00007e34                alt_up_ps2_wait_for_ack
                0x00007ea4                alt_up_ps2_write_data_byte_with_ack
                0x00007f10                alt_up_ps2_read_data_byte_timeout
                0x00007fc0                alt_up_ps2_read_data_byte
                0x0000803c                alt_up_ps2_clear_fifo
                0x00008094                alt_up_ps2_read_fd
                0x00008130                alt_up_ps2_write_fd
                0x000081d8                alt_up_ps2_open_dev
 .text          0x00008218      0x304 ../hello_lab_bsp/\libhal_bsp.a(altera_up_avalon_video_character_buffer_with_dma.o)
                0x00008218                alt_up_char_buffer_init
                0x0000829c                alt_up_char_buffer_open_dev
                0x000082dc                alt_up_char_buffer_draw
                0x000083ac                alt_up_char_buffer_string
                0x000084c0                alt_up_char_buffer_clear
 .text          0x0000851c      0x154 ../hello_lab_bsp/\libhal_bsp.a(alt_alarm_start.o)
                0x0000851c                alt_alarm_start
 .text          0x00008670       0x78 ../hello_lab_bsp/\libhal_bsp.a(alt_dcache_flush.o)
                0x00008670                alt_dcache_flush
 .text          0x000086e8      0x114 ../hello_lab_bsp/\libhal_bsp.a(alt_dev_llist_insert.o)
                0x000086e8                alt_dev_llist_insert
 .text          0x000087fc       0x64 ../hello_lab_bsp/\libhal_bsp.a(alt_do_ctors.o)
                0x000087fc                _do_ctors
 .text          0x00008860       0x64 ../hello_lab_bsp/\libhal_bsp.a(alt_do_dtors.o)
                0x00008860                _do_dtors
 .text          0x000088c4       0x94 ../hello_lab_bsp/\libhal_bsp.a(alt_find_dev.o)
                0x000088c4                alt_find_dev
 .text          0x00008958       0xd0 ../hello_lab_bsp/\libhal_bsp.a(alt_flash_dev.o)
                0x00008958                alt_flash_open_dev
                0x000089d4                alt_flash_close_dev
 .text          0x00008a28      0x13c ../hello_lab_bsp/\libhal_bsp.a(alt_io_redirect.o)
                0x00008aec                alt_io_redirect
 .text          0x00008b64      0x1c0 ../hello_lab_bsp/\libhal_bsp.a(alt_irq_register.o)
                0x00008b64                alt_irq_register
 .text          0x00008d24        0x0 ../hello_lab_bsp/\libhal_bsp.a(alt_irq_vars.o)
 .text          0x00008d24      0x2c4 ../hello_lab_bsp/\libhal_bsp.a(alt_open.o)
                0x00008e00                open
 .text          0x00008fe8      0x1a4 ../hello_lab_bsp/\libhal_bsp.a(alt_tick.o)
                0x00008fe8                alt_alarm_stop
                0x00009080                alt_tick
 .text          0x0000918c       0x30 ../hello_lab_bsp/\libhal_bsp.a(alt_usleep.o)
                0x0000918c                usleep
 .text          0x000091bc       0x20 ../hello_lab_bsp/\libhal_bsp.a(altera_nios2_qsys_irq.o)
                0x000091bc                altera_nios2_qsys_irq_init
 .text          0x000091dc      0x460 ../hello_lab_bsp/\libhal_bsp.a(altera_avalon_cfi_flash_amd.o)
                0x000091dc                alt_program_amd
                0x00009244                alt_erase_block_amd
 .text          0x0000963c      0x460 ../hello_lab_bsp/\libhal_bsp.a(altera_avalon_cfi_flash_intel.o)
                0x0000963c                alt_program_intel
                0x000096c0                alt_erase_block_intel
 .text          0x00009a9c      0x12c ../hello_lab_bsp/\libhal_bsp.a(alt_busy_sleep.o)
                0x00009a9c                alt_busy_sleep
 .text          0x00009bc8      0x120 ../hello_lab_bsp/\libhal_bsp.a(alt_find_file.o)
                0x00009bc8                alt_find_file
 .text          0x00009ce8       0xb8 ../hello_lab_bsp/\libhal_bsp.a(alt_get_fd.o)
                0x00009ce8                alt_get_fd
 .text          0x00009da0        0x0 ../hello_lab_bsp/\libhal_bsp.a(alt_irq_entry.o)
 .text          0x00009da0        0x0 ../hello_lab_bsp/\libhal_bsp.a(alt_irq_handler.o)
 .text          0x00009da0        0x0 ../hello_lab_bsp/\libhal_bsp.a(alt_exception_entry.o)
 .text          0x00009da0       0x14 c:/altera/13.0/nios2eds/bin/gnu/h-i686-mingw32/bin/../lib/gcc/nios2-elf/4.1.2/../../../../nios2-elf/lib\libc.a(lib_a-atexit.o)
                0x00009da0                atexit
 .text          0x00009db4        0x0 c:/altera/13.0/nios2eds/bin/gnu/h-i686-mingw32/bin/../lib/gcc/nios2-elf/4.1.2/../../../../nios2-elf/lib\libc.a(lib_a-ctype_.o)
 .text          0x00009db4       0x38 c:/altera/13.0/nios2eds/bin/gnu/h-i686-mingw32/bin/../lib/gcc/nios2-elf/4.1.2/../../../../nios2-elf/lib\libc.a(lib_a-exit.o)
                0x00009db4                exit
 .text          0x00009dec       0x74 c:/altera/13.0/nios2eds/bin/gnu/h-i686-mingw32/bin/../lib/gcc/nios2-elf/4.1.2/../../../../nios2-elf/lib\libc.a(lib_a-memcmp.o)
                0x00009dec                memcmp
 .text          0x00009e60       0xbc c:/altera/13.0/nios2eds/bin/gnu/h-i686-mingw32/bin/../lib/gcc/nios2-elf/4.1.2/../../../../nios2-elf/lib\libc.a(lib_a-strcmp.o)
                0x00009e60                strcmp
 .text          0x00009f1c      0x134 c:/altera/13.0/nios2eds/bin/gnu/h-i686-mingw32/bin/../lib/gcc/nios2-elf/4.1.2/../../../../nios2-elf/lib\libc.a(lib_a-__atexit.o)
                0x00009f1c                __register_exitproc
 .text          0x0000a050      0x1b4 c:/altera/13.0/nios2eds/bin/gnu/h-i686-mingw32/bin/../lib/gcc/nios2-elf/4.1.2/../../../../nios2-elf/lib\libc.a(lib_a-__call_atexit.o)
                0x0000a054                __call_exitprocs
 .text          0x0000a204       0x60 ../hello_lab_bsp/\libhal_bsp.a(alt_exit.o)
                0x0000a244                _exit
 *(.gnu.warning.*)
 *(.fini)
                0x0000a264                PROVIDE (__etext, ABSOLUTE (.))
                0x0000a264                PROVIDE (_etext, ABSOLUTE (.))
                0x0000a264                PROVIDE (etext, ABSOLUTE (.))
 *(.eh_frame_hdr)
                0x0000a264                . = ALIGN (0x4)
                0x0000a264                PROVIDE (__preinit_array_start, ABSOLUTE (.))
 *(.preinit_array)
                0x0000a264                PROVIDE (__preinit_array_end, ABSOLUTE (.))
                0x0000a264                PROVIDE (__init_array_start, ABSOLUTE (.))
 *(.init_array)
                0x0000a264                PROVIDE (__init_array_end, ABSOLUTE (.))
                0x0000a264                PROVIDE (__fini_array_start, ABSOLUTE (.))
 *(.fini_array)
                0x0000a264                PROVIDE (__fini_array_end, ABSOLUTE (.))
 *(.eh_frame)
 *(.gcc_except_table)
 *(.dynamic)
                0x0000a264                PROVIDE (__CTOR_LIST__, ABSOLUTE (.))
 *(.ctors)
 *(SORT(.ctors.*))
 .ctors.65535   0x0000a264        0x4 c:/altera/13.0/nios2eds/bin/gnu/h-i686-mingw32/bin/../lib/gcc/nios2-elf/4.1.2/../../../../nios2-elf/lib\libc.a(lib_a-__call_atexit.o)
                0x0000a268                PROVIDE (__CTOR_END__, ABSOLUTE (.))
                0x0000a268                PROVIDE (__DTOR_LIST__, ABSOLUTE (.))
 *(.dtors)
 *(SORT(.dtors.*))
                0x0000a268                PROVIDE (__DTOR_END__, ABSOLUTE (.))
 *(.jcr)
                0x0000a268                . = ALIGN (0x4)

.rodata         0x08000000      0x388
                0x08000000                PROVIDE (__ram_rodata_start, ABSOLUTE (.))
                0x08000000                . = ALIGN (0x4)
 *(.rodata .rodata.* .gnu.linkonce.r.*)
 .rodata        0x08000000       0x14 obj/default/hello_world.o
 .rodata.str1.4
                0x08000014        0x2 c:/altera/13.0/nios2eds/bin/gnu/h-i686-mingw32/bin/../lib/gcc/nios2-elf/4.1.2/../../../../nios2-elf/lib\libc.a(lib_a-puts.o)
                                  0x4 (size before relaxing)
 *fill*         0x08000016        0x2 00
 .rodata.str1.4
                0x08000018        0x4 c:/altera/13.0/nios2eds/bin/gnu/h-i686-mingw32/bin/../lib/gcc/nios2-elf/4.1.2/../../../../nios2-elf/lib\libc.a(lib_a-impure.o)
 .rodata        0x0800001c        0xc ../hello_lab_bsp/\libhal_bsp.a(alt_dev.o)
 .rodata        0x08000028       0x10 ../hello_lab_bsp/\libhal_bsp.a(alt_main.o)
 .rodata        0x08000038       0xb0 ../hello_lab_bsp/\libhal_bsp.a(alt_sys_init.o)
 .rodata        0x080000e8       0x1c ../hello_lab_bsp/\libhal_bsp.a(altera_up_avalon_video_character_buffer_with_dma.o)
 .rodata        0x08000104      0x284 c:/altera/13.0/nios2eds/bin/gnu/h-i686-mingw32/bin/../lib/gcc/nios2-elf/4.1.2/../../../../nios2-elf/lib\libc.a(lib_a-ctype_.o)
                0x08000104                _ctype_
 *(.rodata1)
                0x08000388                . = ALIGN (0x4)
                0x08000388                PROVIDE (__ram_rodata_end, ABSOLUTE (.))
                0x08000000                PROVIDE (__flash_rodata_start, LOADADDR (.rodata))

.rwdata         0x08000388     0x1de8
                0x08000388                PROVIDE (__ram_rwdata_start, ABSOLUTE (.))
                0x08000388                . = ALIGN (0x4)
 *(.got.plt)
 *(.got)
 *(.data1)
 *(.data .data.* .gnu.linkonce.d.*)
 .data          0x08000388        0x0 ../hello_lab_bsp//obj/HAL/src/crt0.o
 .data          0x08000388        0x0 obj/default/hello_world.o
 .data          0x08000388        0x0 c:/altera/13.0/nios2eds/bin/gnu/h-i686-mingw32/bin/../lib/gcc/nios2-elf/4.1.2/../../../../nios2-elf/lib\libc.a(lib_a-puts.o)
 .data          0x08000388        0x0 c:/altera/13.0/nios2eds/bin/gnu/h-i686-mingw32/bin/../lib/gcc/nios2-elf/4.1.2/../../../../nios2-elf/lib\libc.a(lib_a-strlen.o)
 .data          0x08000388        0x0 c:/altera/13.0/nios2eds/bin/gnu/h-i686-mingw32/bin/../lib/gcc/nios2-elf/4.1.2/../../../../nios2-elf/lib\libc.a(lib_a-fvwrite.o)
 .data          0x08000388      0x400 c:/altera/13.0/nios2eds/bin/gnu/h-i686-mingw32/bin/../lib/gcc/nios2-elf/4.1.2/../../../../nios2-elf/lib\libc.a(lib_a-impure.o)
 .data          0x08000788      0x408 c:/altera/13.0/nios2eds/bin/gnu/h-i686-mingw32/bin/../lib/gcc/nios2-elf/4.1.2/../../../../nios2-elf/lib\libc.a(lib_a-mallocr.o)
                0x08000788                __malloc_av_
 .data          0x08000b90        0x0 c:/altera/13.0/nios2eds/bin/gnu/h-i686-mingw32/bin/../lib/gcc/nios2-elf/4.1.2/../../../../nios2-elf/lib\libc.a(lib_a-memchr.o)
 .data          0x08000b90        0x0 c:/altera/13.0/nios2eds/bin/gnu/h-i686-mingw32/bin/../lib/gcc/nios2-elf/4.1.2/../../../../nios2-elf/lib\libc.a(lib_a-memcpy.o)
 .data          0x08000b90        0x0 c:/altera/13.0/nios2eds/bin/gnu/h-i686-mingw32/bin/../lib/gcc/nios2-elf/4.1.2/../../../../nios2-elf/lib\libc.a(lib_a-memmove.o)
 .data          0x08000b90        0x0 c:/altera/13.0/nios2eds/bin/gnu/h-i686-mingw32/bin/../lib/gcc/nios2-elf/4.1.2/../../../../nios2-elf/lib\libc.a(lib_a-reallocr.o)
 .data          0x08000b90        0x0 c:/altera/13.0/nios2eds/bin/gnu/h-i686-mingw32/bin/../lib/gcc/nios2-elf/4.1.2/../../../../nios2-elf/lib\libc.a(lib_a-sbrkr.o)
 .data          0x08000b90        0x0 c:/altera/13.0/nios2eds/bin/gnu/h-i686-mingw32/bin/../lib/gcc/nios2-elf/4.1.2/../../../../nios2-elf/lib\libc.a(lib_a-wsetup.o)
 .data          0x08000b90        0x0 c:/altera/13.0/nios2eds/bin/gnu/h-i686-mingw32/bin/../lib/gcc/nios2-elf/4.1.2/../../../../nios2-elf/lib\libc.a(lib_a-fflush.o)
 .data          0x08000b90        0x0 c:/altera/13.0/nios2eds/bin/gnu/h-i686-mingw32/bin/../lib/gcc/nios2-elf/4.1.2/../../../../nios2-elf/lib\libc.a(lib_a-findfp.o)
 .data          0x08000b90        0x0 c:/altera/13.0/nios2eds/bin/gnu/h-i686-mingw32/bin/../lib/gcc/nios2-elf/4.1.2/../../../../nios2-elf/lib\libc.a(lib_a-freer.o)
 .data          0x08000b90        0x0 c:/altera/13.0/nios2eds/bin/gnu/h-i686-mingw32/bin/../lib/gcc/nios2-elf/4.1.2/../../../../nios2-elf/lib\libc.a(lib_a-fwalk.o)
 .data          0x08000b90        0x0 c:/altera/13.0/nios2eds/bin/gnu/h-i686-mingw32/bin/../lib/gcc/nios2-elf/4.1.2/../../../../nios2-elf/lib\libc.a(lib_a-int_errno.o)
 .data          0x08000b90        0x0 c:/altera/13.0/nios2eds/bin/gnu/h-i686-mingw32/bin/../lib/gcc/nios2-elf/4.1.2/../../../../nios2-elf/lib\libc.a(lib_a-makebuf.o)
 .data          0x08000b90        0x0 c:/altera/13.0/nios2eds/bin/gnu/h-i686-mingw32/bin/../lib/gcc/nios2-elf/4.1.2/../../../../nios2-elf/lib\libc.a(lib_a-memset.o)
 .data          0x08000b90        0x0 c:/altera/13.0/nios2eds/bin/gnu/h-i686-mingw32/bin/../lib/gcc/nios2-elf/4.1.2/../../../../nios2-elf/lib\libc.a(lib_a-stdio.o)
 .data          0x08000b90        0x0 c:/altera/13.0/nios2eds/bin/gnu/h-i686-mingw32/bin/../lib/gcc/nios2-elf/4.1.2/../../../../nios2-elf/lib\libc.a(lib_a-writer.o)
 .data          0x08000b90        0x0 c:/altera/13.0/nios2eds/bin/gnu/h-i686-mingw32/bin/../lib/gcc/nios2-elf/4.1.2/../../../../nios2-elf/lib\libc.a(lib_a-closer.o)
 .data          0x08000b90        0x0 c:/altera/13.0/nios2eds/bin/gnu/h-i686-mingw32/bin/../lib/gcc/nios2-elf/4.1.2/../../../../nios2-elf/lib\libc.a(lib_a-fclose.o)
 .data          0x08000b90        0x0 c:/altera/13.0/nios2eds/bin/gnu/h-i686-mingw32/bin/../lib/gcc/nios2-elf/4.1.2/../../../../nios2-elf/lib\libc.a(lib_a-fstatr.o)
 .data          0x08000b90        0x0 c:/altera/13.0/nios2eds/bin/gnu/h-i686-mingw32/bin/../lib/gcc/nios2-elf/4.1.2/../../../../nios2-elf/lib\libc.a(lib_a-isattyr.o)
 .data          0x08000b90        0x0 c:/altera/13.0/nios2eds/bin/gnu/h-i686-mingw32/bin/../lib/gcc/nios2-elf/4.1.2/../../../../nios2-elf/lib\libc.a(lib_a-lseekr.o)
 .data          0x08000b90        0x0 c:/altera/13.0/nios2eds/bin/gnu/h-i686-mingw32/bin/../lib/gcc/nios2-elf/4.1.2/../../../../nios2-elf/lib\libc.a(lib_a-readr.o)
 .data          0x08000b90        0x0 ../hello_lab_bsp/\libhal_bsp.a(alt_close.o)
 .data          0x08000b90      0x1a8 ../hello_lab_bsp/\libhal_bsp.a(alt_dev.o)
                0x08000b90                alt_dev_null
                0x08000bb8                alt_fd_list
 .data          0x08000d38        0x0 ../hello_lab_bsp/\libhal_bsp.a(alt_errno.o)
 .data          0x08000d38        0x0 ../hello_lab_bsp/\libhal_bsp.a(alt_fstat.o)
 .data          0x08000d38        0x0 ../hello_lab_bsp/\libhal_bsp.a(alt_isatty.o)
 .data          0x08000d38        0x0 ../hello_lab_bsp/\libhal_bsp.a(alt_lseek.o)
 .data          0x08000d38        0x0 ../hello_lab_bsp/\libhal_bsp.a(alt_main.o)
 .data          0x08000d38        0x0 ../hello_lab_bsp/\libhal_bsp.a(alt_malloc_lock.o)
 .data          0x08000d38        0x0 ../hello_lab_bsp/\libhal_bsp.a(alt_read.o)
 .data          0x08000d38        0x0 ../hello_lab_bsp/\libhal_bsp.a(alt_release_fd.o)
 .data          0x08000d38        0x0 ../hello_lab_bsp/\libhal_bsp.a(alt_sbrk.o)
 .data          0x08000d38        0x0 ../hello_lab_bsp/\libhal_bsp.a(alt_write.o)
 .data          0x08000d38     0x13f0 ../hello_lab_bsp/\libhal_bsp.a(alt_sys_init.o)
 .data          0x08002128        0x0 ../hello_lab_bsp/\libhal_bsp.a(altera_avalon_cfi_flash.o)
 .data          0x08002128        0x0 ../hello_lab_bsp/\libhal_bsp.a(altera_avalon_cfi_flash_table.o)
 .data          0x08002128        0x0 ../hello_lab_bsp/\libhal_bsp.a(altera_avalon_jtag_uart_fd.o)
 .data          0x08002128        0x0 ../hello_lab_bsp/\libhal_bsp.a(altera_avalon_jtag_uart_init.o)
 .data          0x08002128        0x0 ../hello_lab_bsp/\libhal_bsp.a(altera_avalon_jtag_uart_ioctl.o)
 .data          0x08002128        0x0 ../hello_lab_bsp/\libhal_bsp.a(altera_avalon_jtag_uart_read.o)
 .data          0x08002128        0x0 ../hello_lab_bsp/\libhal_bsp.a(altera_avalon_jtag_uart_write.o)
 .data          0x08002128        0x0 ../hello_lab_bsp/\libhal_bsp.a(altera_avalon_lcd_16207.o)
 .data          0x08002128        0x0 ../hello_lab_bsp/\libhal_bsp.a(altera_avalon_lcd_16207_fd.o)
 .data          0x08002128        0x0 ../hello_lab_bsp/\libhal_bsp.a(altera_avalon_timer_sc.o)
 .data          0x08002128        0x0 ../hello_lab_bsp/\libhal_bsp.a(altera_avalon_uart_fd.o)
 .data          0x08002128        0x0 ../hello_lab_bsp/\libhal_bsp.a(altera_avalon_uart_init.o)
 .data          0x08002128        0x0 ../hello_lab_bsp/\libhal_bsp.a(altera_avalon_uart_read.o)
 .data          0x08002128        0x0 ../hello_lab_bsp/\libhal_bsp.a(altera_avalon_uart_write.o)
 .data          0x08002128        0x0 ../hello_lab_bsp/\libhal_bsp.a(altera_up_avalon_ps2.o)
 .data          0x08002128        0x0 ../hello_lab_bsp/\libhal_bsp.a(altera_up_avalon_video_character_buffer_with_dma.o)
 .data          0x08002128        0x0 ../hello_lab_bsp/\libhal_bsp.a(alt_alarm_start.o)
 .data          0x08002128        0x0 ../hello_lab_bsp/\libhal_bsp.a(alt_dcache_flush.o)
 .data          0x08002128        0x0 ../hello_lab_bsp/\libhal_bsp.a(alt_dev_llist_insert.o)
 .data          0x08002128        0x0 ../hello_lab_bsp/\libhal_bsp.a(alt_do_ctors.o)
 .data          0x08002128        0x0 ../hello_lab_bsp/\libhal_bsp.a(alt_do_dtors.o)
 .data          0x08002128        0x0 ../hello_lab_bsp/\libhal_bsp.a(alt_find_dev.o)
 .data          0x08002128        0x0 ../hello_lab_bsp/\libhal_bsp.a(alt_flash_dev.o)
 .data          0x08002128        0x0 ../hello_lab_bsp/\libhal_bsp.a(alt_io_redirect.o)
 .data          0x08002128        0x0 ../hello_lab_bsp/\libhal_bsp.a(alt_irq_register.o)
 .data          0x08002128        0x0 ../hello_lab_bsp/\libhal_bsp.a(alt_irq_vars.o)
 .data          0x08002128        0x0 ../hello_lab_bsp/\libhal_bsp.a(alt_open.o)
 .data          0x08002128        0x0 ../hello_lab_bsp/\libhal_bsp.a(alt_tick.o)
 .data          0x08002128        0x0 ../hello_lab_bsp/\libhal_bsp.a(alt_usleep.o)
 .data          0x08002128        0x0 ../hello_lab_bsp/\libhal_bsp.a(altera_nios2_qsys_irq.o)
 .data          0x08002128        0x0 ../hello_lab_bsp/\libhal_bsp.a(altera_avalon_cfi_flash_amd.o)
 .data          0x08002128        0x0 ../hello_lab_bsp/\libhal_bsp.a(altera_avalon_cfi_flash_intel.o)
 .data          0x08002128        0x0 ../hello_lab_bsp/\libhal_bsp.a(alt_busy_sleep.o)
 .data          0x08002128        0x0 ../hello_lab_bsp/\libhal_bsp.a(alt_find_file.o)
 .data          0x08002128        0x0 ../hello_lab_bsp/\libhal_bsp.a(alt_get_fd.o)
 .data          0x08002128        0x0 ../hello_lab_bsp/\libhal_bsp.a(alt_irq_entry.o)
 .data          0x08002128        0x0 ../hello_lab_bsp/\libhal_bsp.a(alt_irq_handler.o)
 .data          0x08002128        0x0 ../hello_lab_bsp/\libhal_bsp.a(alt_exception_entry.o)
 .data          0x08002128        0x0 c:/altera/13.0/nios2eds/bin/gnu/h-i686-mingw32/bin/../lib/gcc/nios2-elf/4.1.2/../../../../nios2-elf/lib\libc.a(lib_a-atexit.o)
 .data          0x08002128        0x0 c:/altera/13.0/nios2eds/bin/gnu/h-i686-mingw32/bin/../lib/gcc/nios2-elf/4.1.2/../../../../nios2-elf/lib\libc.a(lib_a-ctype_.o)
 .data          0x08002128        0x0 c:/altera/13.0/nios2eds/bin/gnu/h-i686-mingw32/bin/../lib/gcc/nios2-elf/4.1.2/../../../../nios2-elf/lib\libc.a(lib_a-exit.o)
 .data          0x08002128        0x0 c:/altera/13.0/nios2eds/bin/gnu/h-i686-mingw32/bin/../lib/gcc/nios2-elf/4.1.2/../../../../nios2-elf/lib\libc.a(lib_a-memcmp.o)
 .data          0x08002128        0x0 c:/altera/13.0/nios2eds/bin/gnu/h-i686-mingw32/bin/../lib/gcc/nios2-elf/4.1.2/../../../../nios2-elf/lib\libc.a(lib_a-strcmp.o)
 .data          0x08002128        0x0 c:/altera/13.0/nios2eds/bin/gnu/h-i686-mingw32/bin/../lib/gcc/nios2-elf/4.1.2/../../../../nios2-elf/lib\libc.a(lib_a-__atexit.o)
 .data          0x08002128        0x0 c:/altera/13.0/nios2eds/bin/gnu/h-i686-mingw32/bin/../lib/gcc/nios2-elf/4.1.2/../../../../nios2-elf/lib\libc.a(lib_a-__call_atexit.o)
 .data          0x08002128        0x0 ../hello_lab_bsp/\libhal_bsp.a(alt_exit.o)
                0x0800a128                _gp = ABSOLUTE ((. + 0x8000))
                0x0800a128                PROVIDE (gp, _gp)
 *(.rwdata .rwdata.*)
 *(.sdata .sdata.* .gnu.linkonce.s.*)
 .sdata         0x08002128        0x8 c:/altera/13.0/nios2eds/bin/gnu/h-i686-mingw32/bin/../lib/gcc/nios2-elf/4.1.2/../../../../nios2-elf/lib\libc.a(lib_a-impure.o)
                0x08002128                _impure_ptr
                0x0800212c                _global_impure_ptr
 .sdata         0x08002130        0x8 c:/altera/13.0/nios2eds/bin/gnu/h-i686-mingw32/bin/../lib/gcc/nios2-elf/4.1.2/../../../../nios2-elf/lib\libc.a(lib_a-mallocr.o)
                0x08002130                __malloc_trim_threshold
                0x08002134                __malloc_sbrk_base
 .sdata         0x08002138       0x14 ../hello_lab_bsp/\libhal_bsp.a(alt_dev.o)
                0x08002138                alt_fs_list
                0x08002140                alt_dev_list
                0x08002148                alt_max_fd
 .sdata         0x0800214c        0x4 ../hello_lab_bsp/\libhal_bsp.a(alt_errno.o)
                0x0800214c                alt_errno
 .sdata         0x08002150        0x4 ../hello_lab_bsp/\libhal_bsp.a(alt_sbrk.o)
 .sdata         0x08002154        0x4 ../hello_lab_bsp/\libhal_bsp.a(altera_avalon_lcd_16207.o)
 .sdata         0x08002158        0x8 ../hello_lab_bsp/\libhal_bsp.a(alt_flash_dev.o)
                0x08002158                alt_flash_dev_list
 .sdata         0x08002160        0x4 ../hello_lab_bsp/\libhal_bsp.a(alt_irq_vars.o)
                0x08002160                alt_priority_mask
 .sdata         0x08002164        0x8 ../hello_lab_bsp/\libhal_bsp.a(alt_tick.o)
                0x08002164                alt_alarm_list
 .sdata         0x0800216c        0x4 c:/altera/13.0/nios2eds/bin/gnu/h-i686-mingw32/bin/../lib/gcc/nios2-elf/4.1.2/../../../../nios2-elf/lib\libc.a(lib_a-ctype_.o)
                0x0800216c                __ctype_ptr
 *(.sdata2 .sdata2.* .gnu.linkonce.s2.*)
                0x08002170                . = ALIGN (0x4)
                0x08002170                _edata = ABSOLUTE (.)
                0x08002170                PROVIDE (edata, ABSOLUTE (.))
                0x08002170                PROVIDE (__ram_rwdata_end, ABSOLUTE (.))
                0x08000388                PROVIDE (__flash_rwdata_start, LOADADDR (.rwdata))

.bss            0x08002170      0x2e0
                0x08002170                __bss_start = ABSOLUTE (.)
                0x08002170                PROVIDE (__sbss_start, ABSOLUTE (.))
                0x08002170                PROVIDE (___sbss_start, ABSOLUTE (.))
 *(.dynsbss)
 *(.sbss .sbss.* .gnu.linkonce.sb.*)
 .sbss          0x08002170        0xc c:/altera/13.0/nios2eds/bin/gnu/h-i686-mingw32/bin/../lib/gcc/nios2-elf/4.1.2/../../../../nios2-elf/lib\libc.a(lib_a-mallocr.o)
                0x08002170                __malloc_top_pad
                0x08002174                __malloc_max_sbrked_mem
                0x08002178                __malloc_max_total_mem
 .sbss          0x0800217c        0x4 c:/altera/13.0/nios2eds/bin/gnu/h-i686-mingw32/bin/../lib/gcc/nios2-elf/4.1.2/../../../../nios2-elf/lib\libc.a(lib_a-int_errno.o)
                0x0800217c                errno
 .sbss          0x08002180        0xc ../hello_lab_bsp/\libhal_bsp.a(alt_main.o)
                0x08002180                alt_argc
                0x08002184                alt_argv
                0x08002188                alt_envp
 .sbss          0x0800218c        0x4 ../hello_lab_bsp/\libhal_bsp.a(alt_irq_vars.o)
                0x0800218c                alt_irq_active
 .sbss          0x08002190        0x8 ../hello_lab_bsp/\libhal_bsp.a(alt_tick.o)
                0x08002190                _alt_tick_rate
                0x08002194                _alt_nticks
 *(.sbss2 .sbss2.* .gnu.linkonce.sb2.*)
 *(.scommon)
                0x08002198                PROVIDE (__sbss_end, ABSOLUTE (.))
                0x08002198                PROVIDE (___sbss_end, ABSOLUTE (.))
 *(.dynbss)
 *(.bss .bss.* .gnu.linkonce.b.*)
 .bss           0x08002198        0x0 ../hello_lab_bsp//obj/HAL/src/crt0.o
 .bss           0x08002198        0x0 obj/default/hello_world.o
 .bss           0x08002198        0x0 c:/altera/13.0/nios2eds/bin/gnu/h-i686-mingw32/bin/../lib/gcc/nios2-elf/4.1.2/../../../../nios2-elf/lib\libc.a(lib_a-puts.o)
 .bss           0x08002198        0x0 c:/altera/13.0/nios2eds/bin/gnu/h-i686-mingw32/bin/../lib/gcc/nios2-elf/4.1.2/../../../../nios2-elf/lib\libc.a(lib_a-strlen.o)
 .bss           0x08002198        0x0 c:/altera/13.0/nios2eds/bin/gnu/h-i686-mingw32/bin/../lib/gcc/nios2-elf/4.1.2/../../../../nios2-elf/lib\libc.a(lib_a-fvwrite.o)
 .bss           0x08002198        0x0 c:/altera/13.0/nios2eds/bin/gnu/h-i686-mingw32/bin/../lib/gcc/nios2-elf/4.1.2/../../../../nios2-elf/lib\libc.a(lib_a-impure.o)
 .bss           0x08002198       0x28 c:/altera/13.0/nios2eds/bin/gnu/h-i686-mingw32/bin/../lib/gcc/nios2-elf/4.1.2/../../../../nios2-elf/lib\libc.a(lib_a-mallocr.o)
                0x08002198                __malloc_current_mallinfo
 .bss           0x080021c0        0x0 c:/altera/13.0/nios2eds/bin/gnu/h-i686-mingw32/bin/../lib/gcc/nios2-elf/4.1.2/../../../../nios2-elf/lib\libc.a(lib_a-memchr.o)
 .bss           0x080021c0        0x0 c:/altera/13.0/nios2eds/bin/gnu/h-i686-mingw32/bin/../lib/gcc/nios2-elf/4.1.2/../../../../nios2-elf/lib\libc.a(lib_a-memcpy.o)
 .bss           0x080021c0        0x0 c:/altera/13.0/nios2eds/bin/gnu/h-i686-mingw32/bin/../lib/gcc/nios2-elf/4.1.2/../../../../nios2-elf/lib\libc.a(lib_a-memmove.o)
 .bss           0x080021c0        0x0 c:/altera/13.0/nios2eds/bin/gnu/h-i686-mingw32/bin/../lib/gcc/nios2-elf/4.1.2/../../../../nios2-elf/lib\libc.a(lib_a-reallocr.o)
 .bss           0x080021c0        0x0 c:/altera/13.0/nios2eds/bin/gnu/h-i686-mingw32/bin/../lib/gcc/nios2-elf/4.1.2/../../../../nios2-elf/lib\libc.a(lib_a-sbrkr.o)
 .bss           0x080021c0        0x0 c:/altera/13.0/nios2eds/bin/gnu/h-i686-mingw32/bin/../lib/gcc/nios2-elf/4.1.2/../../../../nios2-elf/lib\libc.a(lib_a-wsetup.o)
 .bss           0x080021c0        0x0 c:/altera/13.0/nios2eds/bin/gnu/h-i686-mingw32/bin/../lib/gcc/nios2-elf/4.1.2/../../../../nios2-elf/lib\libc.a(lib_a-fflush.o)
 .bss           0x080021c0        0x0 c:/altera/13.0/nios2eds/bin/gnu/h-i686-mingw32/bin/../lib/gcc/nios2-elf/4.1.2/../../../../nios2-elf/lib\libc.a(lib_a-findfp.o)
 .bss           0x080021c0        0x0 c:/altera/13.0/nios2eds/bin/gnu/h-i686-mingw32/bin/../lib/gcc/nios2-elf/4.1.2/../../../../nios2-elf/lib\libc.a(lib_a-freer.o)
 .bss           0x080021c0        0x0 c:/altera/13.0/nios2eds/bin/gnu/h-i686-mingw32/bin/../lib/gcc/nios2-elf/4.1.2/../../../../nios2-elf/lib\libc.a(lib_a-fwalk.o)
 .bss           0x080021c0        0x0 c:/altera/13.0/nios2eds/bin/gnu/h-i686-mingw32/bin/../lib/gcc/nios2-elf/4.1.2/../../../../nios2-elf/lib\libc.a(lib_a-int_errno.o)
 .bss           0x080021c0        0x0 c:/altera/13.0/nios2eds/bin/gnu/h-i686-mingw32/bin/../lib/gcc/nios2-elf/4.1.2/../../../../nios2-elf/lib\libc.a(lib_a-makebuf.o)
 .bss           0x080021c0        0x0 c:/altera/13.0/nios2eds/bin/gnu/h-i686-mingw32/bin/../lib/gcc/nios2-elf/4.1.2/../../../../nios2-elf/lib\libc.a(lib_a-memset.o)
 .bss           0x080021c0        0x0 c:/altera/13.0/nios2eds/bin/gnu/h-i686-mingw32/bin/../lib/gcc/nios2-elf/4.1.2/../../../../nios2-elf/lib\libc.a(lib_a-stdio.o)
 .bss           0x080021c0        0x0 c:/altera/13.0/nios2eds/bin/gnu/h-i686-mingw32/bin/../lib/gcc/nios2-elf/4.1.2/../../../../nios2-elf/lib\libc.a(lib_a-writer.o)
 .bss           0x080021c0        0x0 c:/altera/13.0/nios2eds/bin/gnu/h-i686-mingw32/bin/../lib/gcc/nios2-elf/4.1.2/../../../../nios2-elf/lib\libc.a(lib_a-closer.o)
 .bss           0x080021c0        0x0 c:/altera/13.0/nios2eds/bin/gnu/h-i686-mingw32/bin/../lib/gcc/nios2-elf/4.1.2/../../../../nios2-elf/lib\libc.a(lib_a-fclose.o)
 .bss           0x080021c0        0x0 c:/altera/13.0/nios2eds/bin/gnu/h-i686-mingw32/bin/../lib/gcc/nios2-elf/4.1.2/../../../../nios2-elf/lib\libc.a(lib_a-fstatr.o)
 .bss           0x080021c0        0x0 c:/altera/13.0/nios2eds/bin/gnu/h-i686-mingw32/bin/../lib/gcc/nios2-elf/4.1.2/../../../../nios2-elf/lib\libc.a(lib_a-isattyr.o)
 .bss           0x080021c0        0x0 c:/altera/13.0/nios2eds/bin/gnu/h-i686-mingw32/bin/../lib/gcc/nios2-elf/4.1.2/../../../../nios2-elf/lib\libc.a(lib_a-lseekr.o)
 .bss           0x080021c0        0x0 c:/altera/13.0/nios2eds/bin/gnu/h-i686-mingw32/bin/../lib/gcc/nios2-elf/4.1.2/../../../../nios2-elf/lib\libc.a(lib_a-readr.o)
 .bss           0x080021c0        0x0 ../hello_lab_bsp/\libhal_bsp.a(alt_close.o)
 .bss           0x080021c0        0x0 ../hello_lab_bsp/\libhal_bsp.a(alt_dev.o)
 .bss           0x080021c0        0x0 ../hello_lab_bsp/\libhal_bsp.a(alt_errno.o)
 .bss           0x080021c0        0x0 ../hello_lab_bsp/\libhal_bsp.a(alt_fstat.o)
 .bss           0x080021c0        0x0 ../hello_lab_bsp/\libhal_bsp.a(alt_isatty.o)
 .bss           0x080021c0        0x0 ../hello_lab_bsp/\libhal_bsp.a(alt_lseek.o)
 .bss           0x080021c0        0x0 ../hello_lab_bsp/\libhal_bsp.a(alt_main.o)
 .bss           0x080021c0        0x0 ../hello_lab_bsp/\libhal_bsp.a(alt_malloc_lock.o)
 .bss           0x080021c0        0x0 ../hello_lab_bsp/\libhal_bsp.a(alt_read.o)
 .bss           0x080021c0        0x0 ../hello_lab_bsp/\libhal_bsp.a(alt_release_fd.o)
 .bss           0x080021c0        0x0 ../hello_lab_bsp/\libhal_bsp.a(alt_sbrk.o)
 .bss           0x080021c0        0x0 ../hello_lab_bsp/\libhal_bsp.a(alt_write.o)
 .bss           0x080021c0        0x0 ../hello_lab_bsp/\libhal_bsp.a(alt_sys_init.o)
 .bss           0x080021c0        0x0 ../hello_lab_bsp/\libhal_bsp.a(altera_avalon_cfi_flash.o)
 .bss           0x080021c0        0x0 ../hello_lab_bsp/\libhal_bsp.a(altera_avalon_cfi_flash_table.o)
 .bss           0x080021c0        0x0 ../hello_lab_bsp/\libhal_bsp.a(altera_avalon_jtag_uart_fd.o)
 .bss           0x080021c0        0x0 ../hello_lab_bsp/\libhal_bsp.a(altera_avalon_jtag_uart_init.o)
 .bss           0x080021c0        0x0 ../hello_lab_bsp/\libhal_bsp.a(altera_avalon_jtag_uart_ioctl.o)
 .bss           0x080021c0        0x0 ../hello_lab_bsp/\libhal_bsp.a(altera_avalon_jtag_uart_read.o)
 .bss           0x080021c0        0x0 ../hello_lab_bsp/\libhal_bsp.a(altera_avalon_jtag_uart_write.o)
 .bss           0x080021c0        0x0 ../hello_lab_bsp/\libhal_bsp.a(altera_avalon_lcd_16207.o)
 .bss           0x080021c0        0x0 ../hello_lab_bsp/\libhal_bsp.a(altera_avalon_lcd_16207_fd.o)
 .bss           0x080021c0        0x0 ../hello_lab_bsp/\libhal_bsp.a(altera_avalon_timer_sc.o)
 .bss           0x080021c0        0x0 ../hello_lab_bsp/\libhal_bsp.a(altera_avalon_uart_fd.o)
 .bss           0x080021c0        0x0 ../hello_lab_bsp/\libhal_bsp.a(altera_avalon_uart_init.o)
 .bss           0x080021c0        0x0 ../hello_lab_bsp/\libhal_bsp.a(altera_avalon_uart_read.o)
 .bss           0x080021c0        0x0 ../hello_lab_bsp/\libhal_bsp.a(altera_avalon_uart_write.o)
 .bss           0x080021c0        0x0 ../hello_lab_bsp/\libhal_bsp.a(altera_up_avalon_ps2.o)
 .bss           0x080021c0        0x0 ../hello_lab_bsp/\libhal_bsp.a(altera_up_avalon_video_character_buffer_with_dma.o)
 .bss           0x080021c0        0x0 ../hello_lab_bsp/\libhal_bsp.a(alt_alarm_start.o)
 .bss           0x080021c0        0x0 ../hello_lab_bsp/\libhal_bsp.a(alt_dcache_flush.o)
 .bss           0x080021c0        0x0 ../hello_lab_bsp/\libhal_bsp.a(alt_dev_llist_insert.o)
 .bss           0x080021c0        0x0 ../hello_lab_bsp/\libhal_bsp.a(alt_do_ctors.o)
 .bss           0x080021c0        0x0 ../hello_lab_bsp/\libhal_bsp.a(alt_do_dtors.o)
 .bss           0x080021c0        0x0 ../hello_lab_bsp/\libhal_bsp.a(alt_find_dev.o)
 .bss           0x080021c0        0x0 ../hello_lab_bsp/\libhal_bsp.a(alt_flash_dev.o)
 .bss           0x080021c0        0x0 ../hello_lab_bsp/\libhal_bsp.a(alt_io_redirect.o)
 .bss           0x080021c0        0x0 ../hello_lab_bsp/\libhal_bsp.a(alt_irq_register.o)
 .bss           0x080021c0        0x0 ../hello_lab_bsp/\libhal_bsp.a(alt_irq_vars.o)
 .bss           0x080021c0        0x0 ../hello_lab_bsp/\libhal_bsp.a(alt_open.o)
 .bss           0x080021c0        0x0 ../hello_lab_bsp/\libhal_bsp.a(alt_tick.o)
 .bss           0x080021c0        0x0 ../hello_lab_bsp/\libhal_bsp.a(alt_usleep.o)
 .bss           0x080021c0        0x0 ../hello_lab_bsp/\libhal_bsp.a(altera_nios2_qsys_irq.o)
 .bss           0x080021c0        0x0 ../hello_lab_bsp/\libhal_bsp.a(altera_avalon_cfi_flash_amd.o)
 .bss           0x080021c0        0x0 ../hello_lab_bsp/\libhal_bsp.a(altera_avalon_cfi_flash_intel.o)
 .bss           0x080021c0        0x0 ../hello_lab_bsp/\libhal_bsp.a(alt_busy_sleep.o)
 .bss           0x080021c0        0x0 ../hello_lab_bsp/\libhal_bsp.a(alt_find_file.o)
 .bss           0x080021c0        0x0 ../hello_lab_bsp/\libhal_bsp.a(alt_get_fd.o)
 .bss           0x080021c0        0x0 ../hello_lab_bsp/\libhal_bsp.a(alt_irq_entry.o)
 .bss           0x080021c0        0x0 ../hello_lab_bsp/\libhal_bsp.a(alt_irq_handler.o)
 .bss           0x080021c0        0x0 ../hello_lab_bsp/\libhal_bsp.a(alt_exception_entry.o)
 .bss           0x080021c0        0x0 c:/altera/13.0/nios2eds/bin/gnu/h-i686-mingw32/bin/../lib/gcc/nios2-elf/4.1.2/../../../../nios2-elf/lib\libc.a(lib_a-atexit.o)
 .bss           0x080021c0        0x0 c:/altera/13.0/nios2eds/bin/gnu/h-i686-mingw32/bin/../lib/gcc/nios2-elf/4.1.2/../../../../nios2-elf/lib\libc.a(lib_a-ctype_.o)
 .bss           0x080021c0        0x0 c:/altera/13.0/nios2eds/bin/gnu/h-i686-mingw32/bin/../lib/gcc/nios2-elf/4.1.2/../../../../nios2-elf/lib\libc.a(lib_a-exit.o)
 .bss           0x080021c0        0x0 c:/altera/13.0/nios2eds/bin/gnu/h-i686-mingw32/bin/../lib/gcc/nios2-elf/4.1.2/../../../../nios2-elf/lib\libc.a(lib_a-memcmp.o)
 .bss           0x080021c0        0x0 c:/altera/13.0/nios2eds/bin/gnu/h-i686-mingw32/bin/../lib/gcc/nios2-elf/4.1.2/../../../../nios2-elf/lib\libc.a(lib_a-strcmp.o)
 .bss           0x080021c0        0x0 c:/altera/13.0/nios2eds/bin/gnu/h-i686-mingw32/bin/../lib/gcc/nios2-elf/4.1.2/../../../../nios2-elf/lib\libc.a(lib_a-__atexit.o)
 .bss           0x080021c0        0x0 c:/altera/13.0/nios2eds/bin/gnu/h-i686-mingw32/bin/../lib/gcc/nios2-elf/4.1.2/../../../../nios2-elf/lib\libc.a(lib_a-__call_atexit.o)
 .bss           0x080021c0        0x0 ../hello_lab_bsp/\libhal_bsp.a(alt_exit.o)
 *(COMMON)
 COMMON         0x080021c0      0x100 ../hello_lab_bsp/\libhal_bsp.a(alt_irq_handler.o)
                0x080021c0                alt_irq
 COMMON         0x080022c0      0x190 c:/altera/13.0/nios2eds/bin/gnu/h-i686-mingw32/bin/../lib/gcc/nios2-elf/4.1.2/../../../../nios2-elf/lib\libc.a(lib_a-atexit.o)
                0x080022c0                _atexit0
                0x08002450                . = ALIGN (0x4)
                0x08002450                __bss_end = ABSOLUTE (.)

.onchip_memory  0x0000a268        0x0
                0x0000a268                PROVIDE (_alt_partition_onchip_memory_start, ABSOLUTE (.))
 *(.onchip_memory. onchip_memory.*)
                0x0000a268                . = ALIGN (0x4)
                0x0000a268                PROVIDE (_alt_partition_onchip_memory_end, ABSOLUTE (.))
                0x0000a268                PROVIDE (_alt_partition_onchip_memory_load_addr, LOADADDR (.onchip_memory))

.flash_controller
                0x01000020        0x0
                0x01000020                PROVIDE (_alt_partition_flash_controller_start, ABSOLUTE (.))
 *(.flash_controller. flash_controller.*)
                0x01000020                . = ALIGN (0x4)
                0x01000020                PROVIDE (_alt_partition_flash_controller_end, ABSOLUTE (.))
                0x01000020                PROVIDE (_alt_partition_flash_controller_load_addr, LOADADDR (.flash_controller))

.sdram          0x08002450        0x0
                0x08002450                PROVIDE (_alt_partition_sdram_start, ABSOLUTE (.))
 *(.sdram. sdram.*)
                0x08002450                . = ALIGN (0x4)
                0x08002450                PROVIDE (_alt_partition_sdram_end, ABSOLUTE (.))
                0x08002450                _end = ABSOLUTE (.)
                0x08002450                end = ABSOLUTE (.)
                0x08002450                __alt_stack_base = ABSOLUTE (.)
                0x08002450                PROVIDE (_alt_partition_sdram_load_addr, LOADADDR (.sdram))

.stab
 *(.stab)

.stabstr
 *(.stabstr)

.stab.excl
 *(.stab.excl)

.stab.exclstr
 *(.stab.exclstr)

.stab.index
 *(.stab.index)

.stab.indexstr
 *(.stab.indexstr)

.comment        0x00000000       0x23
 *(.comment)
 .comment       0x00000000       0x23 obj/default/hello_world.o
                                 0x24 (size before relaxing)
 .comment       0x00000000       0x24 c:/altera/13.0/nios2eds/bin/gnu/h-i686-mingw32/bin/../lib/gcc/nios2-elf/4.1.2/../../../../nios2-elf/lib\libc.a(lib_a-puts.o)
 .comment       0x00000000       0x24 c:/altera/13.0/nios2eds/bin/gnu/h-i686-mingw32/bin/../lib/gcc/nios2-elf/4.1.2/../../../../nios2-elf/lib\libc.a(lib_a-strlen.o)
 .comment       0x00000000       0x24 c:/altera/13.0/nios2eds/bin/gnu/h-i686-mingw32/bin/../lib/gcc/nios2-elf/4.1.2/../../../../nios2-elf/lib\libc.a(lib_a-fvwrite.o)
 .comment       0x00000000       0x24 c:/altera/13.0/nios2eds/bin/gnu/h-i686-mingw32/bin/../lib/gcc/nios2-elf/4.1.2/../../../../nios2-elf/lib\libc.a(lib_a-impure.o)
 .comment       0x00000000       0x24 c:/altera/13.0/nios2eds/bin/gnu/h-i686-mingw32/bin/../lib/gcc/nios2-elf/4.1.2/../../../../nios2-elf/lib\libc.a(lib_a-mallocr.o)
 .comment       0x00000000       0x24 c:/altera/13.0/nios2eds/bin/gnu/h-i686-mingw32/bin/../lib/gcc/nios2-elf/4.1.2/../../../../nios2-elf/lib\libc.a(lib_a-memchr.o)
 .comment       0x00000000       0x24 c:/altera/13.0/nios2eds/bin/gnu/h-i686-mingw32/bin/../lib/gcc/nios2-elf/4.1.2/../../../../nios2-elf/lib\libc.a(lib_a-memcpy.o)
 .comment       0x00000000       0x24 c:/altera/13.0/nios2eds/bin/gnu/h-i686-mingw32/bin/../lib/gcc/nios2-elf/4.1.2/../../../../nios2-elf/lib\libc.a(lib_a-memmove.o)
 .comment       0x00000000       0x24 c:/altera/13.0/nios2eds/bin/gnu/h-i686-mingw32/bin/../lib/gcc/nios2-elf/4.1.2/../../../../nios2-elf/lib\libc.a(lib_a-reallocr.o)
 .comment       0x00000000       0x24 c:/altera/13.0/nios2eds/bin/gnu/h-i686-mingw32/bin/../lib/gcc/nios2-elf/4.1.2/../../../../nios2-elf/lib\libc.a(lib_a-sbrkr.o)
 .comment       0x00000000       0x24 c:/altera/13.0/nios2eds/bin/gnu/h-i686-mingw32/bin/../lib/gcc/nios2-elf/4.1.2/../../../../nios2-elf/lib\libc.a(lib_a-wsetup.o)
 .comment       0x00000000       0x24 c:/altera/13.0/nios2eds/bin/gnu/h-i686-mingw32/bin/../lib/gcc/nios2-elf/4.1.2/../../../../nios2-elf/lib\libc.a(lib_a-fflush.o)
 .comment       0x00000000       0x24 c:/altera/13.0/nios2eds/bin/gnu/h-i686-mingw32/bin/../lib/gcc/nios2-elf/4.1.2/../../../../nios2-elf/lib\libc.a(lib_a-findfp.o)
 .comment       0x00000000       0x24 c:/altera/13.0/nios2eds/bin/gnu/h-i686-mingw32/bin/../lib/gcc/nios2-elf/4.1.2/../../../../nios2-elf/lib\libc.a(lib_a-freer.o)
 .comment       0x00000000       0x24 c:/altera/13.0/nios2eds/bin/gnu/h-i686-mingw32/bin/../lib/gcc/nios2-elf/4.1.2/../../../../nios2-elf/lib\libc.a(lib_a-fwalk.o)
 .comment       0x00000000       0x24 c:/altera/13.0/nios2eds/bin/gnu/h-i686-mingw32/bin/../lib/gcc/nios2-elf/4.1.2/../../../../nios2-elf/lib\libc.a(lib_a-int_errno.o)
 .comment       0x00000000       0x24 c:/altera/13.0/nios2eds/bin/gnu/h-i686-mingw32/bin/../lib/gcc/nios2-elf/4.1.2/../../../../nios2-elf/lib\libc.a(lib_a-makebuf.o)
 .comment       0x00000000       0x24 c:/altera/13.0/nios2eds/bin/gnu/h-i686-mingw32/bin/../lib/gcc/nios2-elf/4.1.2/../../../../nios2-elf/lib\libc.a(lib_a-memset.o)
 .comment       0x00000000       0x24 c:/altera/13.0/nios2eds/bin/gnu/h-i686-mingw32/bin/../lib/gcc/nios2-elf/4.1.2/../../../../nios2-elf/lib\libc.a(lib_a-stdio.o)
 .comment       0x00000000       0x24 c:/altera/13.0/nios2eds/bin/gnu/h-i686-mingw32/bin/../lib/gcc/nios2-elf/4.1.2/../../../../nios2-elf/lib\libc.a(lib_a-writer.o)
 .comment       0x00000000       0x24 c:/altera/13.0/nios2eds/bin/gnu/h-i686-mingw32/bin/../lib/gcc/nios2-elf/4.1.2/../../../../nios2-elf/lib\libc.a(lib_a-closer.o)
 .comment       0x00000000       0x24 c:/altera/13.0/nios2eds/bin/gnu/h-i686-mingw32/bin/../lib/gcc/nios2-elf/4.1.2/../../../../nios2-elf/lib\libc.a(lib_a-fclose.o)
 .comment       0x00000000       0x24 c:/altera/13.0/nios2eds/bin/gnu/h-i686-mingw32/bin/../lib/gcc/nios2-elf/4.1.2/../../../../nios2-elf/lib\libc.a(lib_a-fstatr.o)
 .comment       0x00000000       0x24 c:/altera/13.0/nios2eds/bin/gnu/h-i686-mingw32/bin/../lib/gcc/nios2-elf/4.1.2/../../../../nios2-elf/lib\libc.a(lib_a-isattyr.o)
 .comment       0x00000000       0x24 c:/altera/13.0/nios2eds/bin/gnu/h-i686-mingw32/bin/../lib/gcc/nios2-elf/4.1.2/../../../../nios2-elf/lib\libc.a(lib_a-lseekr.o)
 .comment       0x00000000       0x24 c:/altera/13.0/nios2eds/bin/gnu/h-i686-mingw32/bin/../lib/gcc/nios2-elf/4.1.2/../../../../nios2-elf/lib\libc.a(lib_a-readr.o)
 .comment       0x00000000       0x24 ../hello_lab_bsp/\libhal_bsp.a(alt_close.o)
 .comment       0x00000000       0x24 ../hello_lab_bsp/\libhal_bsp.a(alt_dev.o)
 .comment       0x00000000       0x24 ../hello_lab_bsp/\libhal_bsp.a(alt_errno.o)
 .comment       0x00000000       0x24 ../hello_lab_bsp/\libhal_bsp.a(alt_fstat.o)
 .comment       0x00000000       0x24 ../hello_lab_bsp/\libhal_bsp.a(alt_isatty.o)
 .comment       0x00000000       0x24 ../hello_lab_bsp/\libhal_bsp.a(alt_lseek.o)
 .comment       0x00000000       0x24 ../hello_lab_bsp/\libhal_bsp.a(alt_main.o)
 .comment       0x00000000       0x24 ../hello_lab_bsp/\libhal_bsp.a(alt_malloc_lock.o)
 .comment       0x00000000       0x24 ../hello_lab_bsp/\libhal_bsp.a(alt_read.o)
 .comment       0x00000000       0x24 ../hello_lab_bsp/\libhal_bsp.a(alt_release_fd.o)
 .comment       0x00000000       0x24 ../hello_lab_bsp/\libhal_bsp.a(alt_sbrk.o)
 .comment       0x00000000       0x24 ../hello_lab_bsp/\libhal_bsp.a(alt_write.o)
 .comment       0x00000000       0x24 ../hello_lab_bsp/\libhal_bsp.a(alt_sys_init.o)
 .comment       0x00000000       0x24 ../hello_lab_bsp/\libhal_bsp.a(altera_avalon_cfi_flash.o)
 .comment       0x00000000       0x24 ../hello_lab_bsp/\libhal_bsp.a(altera_avalon_cfi_flash_table.o)
 .comment       0x00000000       0x24 ../hello_lab_bsp/\libhal_bsp.a(altera_avalon_jtag_uart_fd.o)
 .comment       0x00000000       0x24 ../hello_lab_bsp/\libhal_bsp.a(altera_avalon_jtag_uart_init.o)
 .comment       0x00000000       0x24 ../hello_lab_bsp/\libhal_bsp.a(altera_avalon_jtag_uart_ioctl.o)
 .comment       0x00000000       0x24 ../hello_lab_bsp/\libhal_bsp.a(altera_avalon_jtag_uart_read.o)
 .comment       0x00000000       0x24 ../hello_lab_bsp/\libhal_bsp.a(altera_avalon_jtag_uart_write.o)
 .comment       0x00000000       0x24 ../hello_lab_bsp/\libhal_bsp.a(altera_avalon_lcd_16207.o)
 .comment       0x00000000       0x24 ../hello_lab_bsp/\libhal_bsp.a(altera_avalon_lcd_16207_fd.o)
 .comment       0x00000000       0x24 ../hello_lab_bsp/\libhal_bsp.a(altera_avalon_timer_sc.o)
 .comment       0x00000000       0x24 ../hello_lab_bsp/\libhal_bsp.a(altera_avalon_uart_fd.o)
 .comment       0x00000000       0x24 ../hello_lab_bsp/\libhal_bsp.a(altera_avalon_uart_init.o)
 .comment       0x00000000       0x24 ../hello_lab_bsp/\libhal_bsp.a(altera_avalon_uart_read.o)
 .comment       0x00000000       0x24 ../hello_lab_bsp/\libhal_bsp.a(altera_avalon_uart_write.o)
 .comment       0x00000000       0x24 ../hello_lab_bsp/\libhal_bsp.a(altera_up_avalon_ps2.o)
 .comment       0x00000000       0x24 ../hello_lab_bsp/\libhal_bsp.a(altera_up_avalon_video_character_buffer_with_dma.o)
 .comment       0x00000000       0x24 ../hello_lab_bsp/\libhal_bsp.a(alt_alarm_start.o)
 .comment       0x00000000       0x24 ../hello_lab_bsp/\libhal_bsp.a(alt_dcache_flush.o)
 .comment       0x00000000       0x24 ../hello_lab_bsp/\libhal_bsp.a(alt_dev_llist_insert.o)
 .comment       0x00000000       0x24 ../hello_lab_bsp/\libhal_bsp.a(alt_do_ctors.o)
 .comment       0x00000000       0x24 ../hello_lab_bsp/\libhal_bsp.a(alt_do_dtors.o)
 .comment       0x00000000       0x24 ../hello_lab_bsp/\libhal_bsp.a(alt_find_dev.o)
 .comment       0x00000000       0x24 ../hello_lab_bsp/\libhal_bsp.a(alt_flash_dev.o)
 .comment       0x00000000       0x24 ../hello_lab_bsp/\libhal_bsp.a(alt_io_redirect.o)
 .comment       0x00000000       0x24 ../hello_lab_bsp/\libhal_bsp.a(alt_irq_register.o)
 .comment       0x00000000       0x24 ../hello_lab_bsp/\libhal_bsp.a(alt_irq_vars.o)
 .comment       0x00000000       0x24 ../hello_lab_bsp/\libhal_bsp.a(alt_open.o)
 .comment       0x00000000       0x24 ../hello_lab_bsp/\libhal_bsp.a(alt_tick.o)
 .comment       0x00000000       0x24 ../hello_lab_bsp/\libhal_bsp.a(alt_usleep.o)
 .comment       0x00000000       0x24 ../hello_lab_bsp/\libhal_bsp.a(altera_nios2_qsys_irq.o)
 .comment       0x00000000       0x24 ../hello_lab_bsp/\libhal_bsp.a(altera_avalon_cfi_flash_amd.o)
 .comment       0x00000000       0x24 ../hello_lab_bsp/\libhal_bsp.a(altera_avalon_cfi_flash_intel.o)
 .comment       0x00000000       0x24 ../hello_lab_bsp/\libhal_bsp.a(alt_busy_sleep.o)
 .comment       0x00000000       0x24 ../hello_lab_bsp/\libhal_bsp.a(alt_find_file.o)
 .comment       0x00000000       0x24 ../hello_lab_bsp/\libhal_bsp.a(alt_get_fd.o)
 .comment       0x00000000       0x24 ../hello_lab_bsp/\libhal_bsp.a(alt_irq_handler.o)
 .comment       0x00000000       0x24 c:/altera/13.0/nios2eds/bin/gnu/h-i686-mingw32/bin/../lib/gcc/nios2-elf/4.1.2/../../../../nios2-elf/lib\libc.a(lib_a-atexit.o)
 .comment       0x00000000       0x24 c:/altera/13.0/nios2eds/bin/gnu/h-i686-mingw32/bin/../lib/gcc/nios2-elf/4.1.2/../../../../nios2-elf/lib\libc.a(lib_a-ctype_.o)
 .comment       0x00000000       0x24 c:/altera/13.0/nios2eds/bin/gnu/h-i686-mingw32/bin/../lib/gcc/nios2-elf/4.1.2/../../../../nios2-elf/lib\libc.a(lib_a-exit.o)
 .comment       0x00000000       0x24 c:/altera/13.0/nios2eds/bin/gnu/h-i686-mingw32/bin/../lib/gcc/nios2-elf/4.1.2/../../../../nios2-elf/lib\libc.a(lib_a-memcmp.o)
 .comment       0x00000000       0x24 c:/altera/13.0/nios2eds/bin/gnu/h-i686-mingw32/bin/../lib/gcc/nios2-elf/4.1.2/../../../../nios2-elf/lib\libc.a(lib_a-strcmp.o)
 .comment       0x00000000       0x24 c:/altera/13.0/nios2eds/bin/gnu/h-i686-mingw32/bin/../lib/gcc/nios2-elf/4.1.2/../../../../nios2-elf/lib\libc.a(lib_a-__atexit.o)
 .comment       0x00000000       0x24 c:/altera/13.0/nios2eds/bin/gnu/h-i686-mingw32/bin/../lib/gcc/nios2-elf/4.1.2/../../../../nios2-elf/lib\libc.a(lib_a-__call_atexit.o)
 .comment       0x00000000       0x24 ../hello_lab_bsp/\libhal_bsp.a(alt_exit.o)

.debug
 *(.debug)

.line
 *(.line)

.debug_srcinfo
 *(.debug_srcinfo)

.debug_sfnames
 *(.debug_sfnames)

.debug_aranges  0x00000000      0xa70
 *(.debug_aranges)
 .debug_aranges
                0x00000000       0x20 ../hello_lab_bsp//obj/HAL/src/crt0.o
 .debug_aranges
                0x00000020       0x20 obj/default/hello_world.o
 .debug_aranges
                0x00000040       0x20 c:/altera/13.0/nios2eds/bin/gnu/h-i686-mingw32/bin/../lib/gcc/nios2-elf/4.1.2/../../../../nios2-elf/lib\libc.a(lib_a-puts.o)
 .debug_aranges
                0x00000060       0x20 c:/altera/13.0/nios2eds/bin/gnu/h-i686-mingw32/bin/../lib/gcc/nios2-elf/4.1.2/../../../../nios2-elf/lib\libc.a(lib_a-strlen.o)
 .debug_aranges
                0x00000080       0x20 c:/altera/13.0/nios2eds/bin/gnu/h-i686-mingw32/bin/../lib/gcc/nios2-elf/4.1.2/../../../../nios2-elf/lib\libc.a(lib_a-fvwrite.o)
 .debug_aranges
                0x000000a0       0x20 c:/altera/13.0/nios2eds/bin/gnu/h-i686-mingw32/bin/../lib/gcc/nios2-elf/4.1.2/../../../../nios2-elf/lib\libc.a(lib_a-mallocr.o)
 .debug_aranges
                0x000000c0       0x20 c:/altera/13.0/nios2eds/bin/gnu/h-i686-mingw32/bin/../lib/gcc/nios2-elf/4.1.2/../../../../nios2-elf/lib\libc.a(lib_a-memchr.o)
 .debug_aranges
                0x000000e0       0x20 c:/altera/13.0/nios2eds/bin/gnu/h-i686-mingw32/bin/../lib/gcc/nios2-elf/4.1.2/../../../../nios2-elf/lib\libc.a(lib_a-memcpy.o)
 .debug_aranges
                0x00000100       0x20 c:/altera/13.0/nios2eds/bin/gnu/h-i686-mingw32/bin/../lib/gcc/nios2-elf/4.1.2/../../../../nios2-elf/lib\libc.a(lib_a-memmove.o)
 .debug_aranges
                0x00000120       0x20 c:/altera/13.0/nios2eds/bin/gnu/h-i686-mingw32/bin/../lib/gcc/nios2-elf/4.1.2/../../../../nios2-elf/lib\libc.a(lib_a-reallocr.o)
 .debug_aranges
                0x00000140       0x20 c:/altera/13.0/nios2eds/bin/gnu/h-i686-mingw32/bin/../lib/gcc/nios2-elf/4.1.2/../../../../nios2-elf/lib\libc.a(lib_a-sbrkr.o)
 .debug_aranges
                0x00000160       0x20 c:/altera/13.0/nios2eds/bin/gnu/h-i686-mingw32/bin/../lib/gcc/nios2-elf/4.1.2/../../../../nios2-elf/lib\libc.a(lib_a-wsetup.o)
 .debug_aranges
                0x00000180       0x20 c:/altera/13.0/nios2eds/bin/gnu/h-i686-mingw32/bin/../lib/gcc/nios2-elf/4.1.2/../../../../nios2-elf/lib\libc.a(lib_a-fflush.o)
 .debug_aranges
                0x000001a0       0x20 c:/altera/13.0/nios2eds/bin/gnu/h-i686-mingw32/bin/../lib/gcc/nios2-elf/4.1.2/../../../../nios2-elf/lib\libc.a(lib_a-findfp.o)
 .debug_aranges
                0x000001c0       0x20 c:/altera/13.0/nios2eds/bin/gnu/h-i686-mingw32/bin/../lib/gcc/nios2-elf/4.1.2/../../../../nios2-elf/lib\libc.a(lib_a-freer.o)
 .debug_aranges
                0x000001e0       0x20 c:/altera/13.0/nios2eds/bin/gnu/h-i686-mingw32/bin/../lib/gcc/nios2-elf/4.1.2/../../../../nios2-elf/lib\libc.a(lib_a-fwalk.o)
 .debug_aranges
                0x00000200       0x20 c:/altera/13.0/nios2eds/bin/gnu/h-i686-mingw32/bin/../lib/gcc/nios2-elf/4.1.2/../../../../nios2-elf/lib\libc.a(lib_a-makebuf.o)
 .debug_aranges
                0x00000220       0x20 c:/altera/13.0/nios2eds/bin/gnu/h-i686-mingw32/bin/../lib/gcc/nios2-elf/4.1.2/../../../../nios2-elf/lib\libc.a(lib_a-memset.o)
 .debug_aranges
                0x00000240       0x20 c:/altera/13.0/nios2eds/bin/gnu/h-i686-mingw32/bin/../lib/gcc/nios2-elf/4.1.2/../../../../nios2-elf/lib\libc.a(lib_a-stdio.o)
 .debug_aranges
                0x00000260       0x20 c:/altera/13.0/nios2eds/bin/gnu/h-i686-mingw32/bin/../lib/gcc/nios2-elf/4.1.2/../../../../nios2-elf/lib\libc.a(lib_a-writer.o)
 .debug_aranges
                0x00000280       0x20 c:/altera/13.0/nios2eds/bin/gnu/h-i686-mingw32/bin/../lib/gcc/nios2-elf/4.1.2/../../../../nios2-elf/lib\libc.a(lib_a-closer.o)
 .debug_aranges
                0x000002a0       0x20 c:/altera/13.0/nios2eds/bin/gnu/h-i686-mingw32/bin/../lib/gcc/nios2-elf/4.1.2/../../../../nios2-elf/lib\libc.a(lib_a-fclose.o)
 .debug_aranges
                0x000002c0       0x20 c:/altera/13.0/nios2eds/bin/gnu/h-i686-mingw32/bin/../lib/gcc/nios2-elf/4.1.2/../../../../nios2-elf/lib\libc.a(lib_a-fstatr.o)
 .debug_aranges
                0x000002e0       0x20 c:/altera/13.0/nios2eds/bin/gnu/h-i686-mingw32/bin/../lib/gcc/nios2-elf/4.1.2/../../../../nios2-elf/lib\libc.a(lib_a-isattyr.o)
 .debug_aranges
                0x00000300       0x20 c:/altera/13.0/nios2eds/bin/gnu/h-i686-mingw32/bin/../lib/gcc/nios2-elf/4.1.2/../../../../nios2-elf/lib\libc.a(lib_a-lseekr.o)
 .debug_aranges
                0x00000320       0x20 c:/altera/13.0/nios2eds/bin/gnu/h-i686-mingw32/bin/../lib/gcc/nios2-elf/4.1.2/../../../../nios2-elf/lib\libc.a(lib_a-readr.o)
 .debug_aranges
                0x00000340       0x20 ../hello_lab_bsp/\libhal_bsp.a(alt_close.o)
 .debug_aranges
                0x00000360       0x20 ../hello_lab_bsp/\libhal_bsp.a(alt_dev.o)
 .debug_aranges
                0x00000380       0x20 ../hello_lab_bsp/\libhal_bsp.a(alt_fstat.o)
 .debug_aranges
                0x000003a0       0x20 ../hello_lab_bsp/\libhal_bsp.a(alt_isatty.o)
 .debug_aranges
                0x000003c0       0x20 ../hello_lab_bsp/\libhal_bsp.a(alt_lseek.o)
 .debug_aranges
                0x000003e0       0x20 ../hello_lab_bsp/\libhal_bsp.a(alt_main.o)
 .debug_aranges
                0x00000400       0x20 ../hello_lab_bsp/\libhal_bsp.a(alt_malloc_lock.o)
 .debug_aranges
                0x00000420       0x20 ../hello_lab_bsp/\libhal_bsp.a(alt_read.o)
 .debug_aranges
                0x00000440       0x20 ../hello_lab_bsp/\libhal_bsp.a(alt_release_fd.o)
 .debug_aranges
                0x00000460       0x20 ../hello_lab_bsp/\libhal_bsp.a(alt_sbrk.o)
 .debug_aranges
                0x00000480       0x20 ../hello_lab_bsp/\libhal_bsp.a(alt_write.o)
 .debug_aranges
                0x000004a0       0x20 ../hello_lab_bsp/\libhal_bsp.a(alt_sys_init.o)
 .debug_aranges
                0x000004c0       0x20 ../hello_lab_bsp/\libhal_bsp.a(altera_avalon_cfi_flash.o)
 .debug_aranges
                0x000004e0       0x20 ../hello_lab_bsp/\libhal_bsp.a(altera_avalon_cfi_flash_table.o)
 .debug_aranges
                0x00000500       0x20 ../hello_lab_bsp/\libhal_bsp.a(altera_avalon_jtag_uart_fd.o)
 .debug_aranges
                0x00000520       0x20 ../hello_lab_bsp/\libhal_bsp.a(altera_avalon_jtag_uart_init.o)
 .debug_aranges
                0x00000540       0x20 ../hello_lab_bsp/\libhal_bsp.a(altera_avalon_jtag_uart_ioctl.o)
 .debug_aranges
                0x00000560       0x20 ../hello_lab_bsp/\libhal_bsp.a(altera_avalon_jtag_uart_read.o)
 .debug_aranges
                0x00000580       0x20 ../hello_lab_bsp/\libhal_bsp.a(altera_avalon_jtag_uart_write.o)
 .debug_aranges
                0x000005a0       0x20 ../hello_lab_bsp/\libhal_bsp.a(altera_avalon_lcd_16207.o)
 .debug_aranges
                0x000005c0       0x20 ../hello_lab_bsp/\libhal_bsp.a(altera_avalon_lcd_16207_fd.o)
 .debug_aranges
                0x000005e0       0x20 ../hello_lab_bsp/\libhal_bsp.a(altera_avalon_timer_sc.o)
 .debug_aranges
                0x00000600       0x20 ../hello_lab_bsp/\libhal_bsp.a(altera_avalon_uart_fd.o)
 .debug_aranges
                0x00000620       0x20 ../hello_lab_bsp/\libhal_bsp.a(altera_avalon_uart_init.o)
 .debug_aranges
                0x00000640       0x20 ../hello_lab_bsp/\libhal_bsp.a(altera_avalon_uart_read.o)
 .debug_aranges
                0x00000660       0x20 ../hello_lab_bsp/\libhal_bsp.a(altera_avalon_uart_write.o)
 .debug_aranges
                0x00000680       0x20 ../hello_lab_bsp/\libhal_bsp.a(altera_up_avalon_ps2.o)
 .debug_aranges
                0x000006a0       0x20 ../hello_lab_bsp/\libhal_bsp.a(altera_up_avalon_video_character_buffer_with_dma.o)
 .debug_aranges
                0x000006c0       0x20 ../hello_lab_bsp/\libhal_bsp.a(alt_alarm_start.o)
 .debug_aranges
                0x000006e0       0x20 ../hello_lab_bsp/\libhal_bsp.a(alt_dcache_flush.o)
 .debug_aranges
                0x00000700       0x20 ../hello_lab_bsp/\libhal_bsp.a(alt_dev_llist_insert.o)
 .debug_aranges
                0x00000720       0x20 ../hello_lab_bsp/\libhal_bsp.a(alt_do_ctors.o)
 .debug_aranges
                0x00000740       0x20 ../hello_lab_bsp/\libhal_bsp.a(alt_do_dtors.o)
 .debug_aranges
                0x00000760       0x20 ../hello_lab_bsp/\libhal_bsp.a(alt_find_dev.o)
 .debug_aranges
                0x00000780       0x20 ../hello_lab_bsp/\libhal_bsp.a(alt_flash_dev.o)
 .debug_aranges
                0x000007a0       0x20 ../hello_lab_bsp/\libhal_bsp.a(alt_io_redirect.o)
 .debug_aranges
                0x000007c0       0x20 ../hello_lab_bsp/\libhal_bsp.a(alt_irq_register.o)
 .debug_aranges
                0x000007e0       0x20 ../hello_lab_bsp/\libhal_bsp.a(alt_open.o)
 .debug_aranges
                0x00000800       0x20 ../hello_lab_bsp/\libhal_bsp.a(alt_tick.o)
 .debug_aranges
                0x00000820       0x20 ../hello_lab_bsp/\libhal_bsp.a(alt_usleep.o)
 .debug_aranges
                0x00000840       0x20 ../hello_lab_bsp/\libhal_bsp.a(altera_nios2_qsys_irq.o)
 .debug_aranges
                0x00000860       0x20 ../hello_lab_bsp/\libhal_bsp.a(altera_avalon_cfi_flash_amd.o)
 .debug_aranges
                0x00000880       0x20 ../hello_lab_bsp/\libhal_bsp.a(altera_avalon_cfi_flash_intel.o)
 .debug_aranges
                0x000008a0       0x20 ../hello_lab_bsp/\libhal_bsp.a(alt_busy_sleep.o)
 .debug_aranges
                0x000008c0       0x20 ../hello_lab_bsp/\libhal_bsp.a(alt_find_file.o)
 .debug_aranges
                0x000008e0       0x20 ../hello_lab_bsp/\libhal_bsp.a(alt_get_fd.o)
 .debug_aranges
                0x00000900       0x30 ../hello_lab_bsp/\libhal_bsp.a(alt_irq_entry.o)
 .debug_aranges
                0x00000930       0x28 ../hello_lab_bsp/\libhal_bsp.a(alt_irq_handler.o)
 .debug_aranges
                0x00000958       0x38 ../hello_lab_bsp/\libhal_bsp.a(alt_exception_entry.o)
 .debug_aranges
                0x00000990       0x20 c:/altera/13.0/nios2eds/bin/gnu/h-i686-mingw32/bin/../lib/gcc/nios2-elf/4.1.2/../../../../nios2-elf/lib\libc.a(lib_a-atexit.o)
 .debug_aranges
                0x000009b0       0x20 c:/altera/13.0/nios2eds/bin/gnu/h-i686-mingw32/bin/../lib/gcc/nios2-elf/4.1.2/../../../../nios2-elf/lib\libc.a(lib_a-exit.o)
 .debug_aranges
                0x000009d0       0x20 c:/altera/13.0/nios2eds/bin/gnu/h-i686-mingw32/bin/../lib/gcc/nios2-elf/4.1.2/../../../../nios2-elf/lib\libc.a(lib_a-memcmp.o)
 .debug_aranges
                0x000009f0       0x20 c:/altera/13.0/nios2eds/bin/gnu/h-i686-mingw32/bin/../lib/gcc/nios2-elf/4.1.2/../../../../nios2-elf/lib\libc.a(lib_a-strcmp.o)
 .debug_aranges
                0x00000a10       0x20 c:/altera/13.0/nios2eds/bin/gnu/h-i686-mingw32/bin/../lib/gcc/nios2-elf/4.1.2/../../../../nios2-elf/lib\libc.a(lib_a-__atexit.o)
 .debug_aranges
                0x00000a30       0x20 c:/altera/13.0/nios2eds/bin/gnu/h-i686-mingw32/bin/../lib/gcc/nios2-elf/4.1.2/../../../../nios2-elf/lib\libc.a(lib_a-__call_atexit.o)
 .debug_aranges
                0x00000a50       0x20 ../hello_lab_bsp/\libhal_bsp.a(alt_exit.o)

.debug_pubnames
                0x00000000     0x152c
 *(.debug_pubnames)
 .debug_pubnames
                0x00000000       0x1b obj/default/hello_world.o
 .debug_pubnames
                0x0000001b       0x27 c:/altera/13.0/nios2eds/bin/gnu/h-i686-mingw32/bin/../lib/gcc/nios2-elf/4.1.2/../../../../nios2-elf/lib\libc.a(lib_a-puts.o)
 .debug_pubnames
                0x00000042       0x1d c:/altera/13.0/nios2eds/bin/gnu/h-i686-mingw32/bin/../lib/gcc/nios2-elf/4.1.2/../../../../nios2-elf/lib\libc.a(lib_a-strlen.o)
 .debug_pubnames
                0x0000005f       0x23 c:/altera/13.0/nios2eds/bin/gnu/h-i686-mingw32/bin/../lib/gcc/nios2-elf/4.1.2/../../../../nios2-elf/lib\libc.a(lib_a-fvwrite.o)
 .debug_pubnames
                0x00000082       0x39 c:/altera/13.0/nios2eds/bin/gnu/h-i686-mingw32/bin/../lib/gcc/nios2-elf/4.1.2/../../../../nios2-elf/lib\libc.a(lib_a-impure.o)
 .debug_pubnames
                0x000000bb       0xce c:/altera/13.0/nios2eds/bin/gnu/h-i686-mingw32/bin/../lib/gcc/nios2-elf/4.1.2/../../../../nios2-elf/lib\libc.a(lib_a-mallocr.o)
 .debug_pubnames
                0x00000189       0x1d c:/altera/13.0/nios2eds/bin/gnu/h-i686-mingw32/bin/../lib/gcc/nios2-elf/4.1.2/../../../../nios2-elf/lib\libc.a(lib_a-memchr.o)
 .debug_pubnames
                0x000001a6       0x1d c:/altera/13.0/nios2eds/bin/gnu/h-i686-mingw32/bin/../lib/gcc/nios2-elf/4.1.2/../../../../nios2-elf/lib\libc.a(lib_a-memcpy.o)
 .debug_pubnames
                0x000001c3       0x1e c:/altera/13.0/nios2eds/bin/gnu/h-i686-mingw32/bin/../lib/gcc/nios2-elf/4.1.2/../../../../nios2-elf/lib\libc.a(lib_a-memmove.o)
 .debug_pubnames
                0x000001e1       0x21 c:/altera/13.0/nios2eds/bin/gnu/h-i686-mingw32/bin/../lib/gcc/nios2-elf/4.1.2/../../../../nios2-elf/lib\libc.a(lib_a-reallocr.o)
 .debug_pubnames
                0x00000202       0x1e c:/altera/13.0/nios2eds/bin/gnu/h-i686-mingw32/bin/../lib/gcc/nios2-elf/4.1.2/../../../../nios2-elf/lib\libc.a(lib_a-sbrkr.o)
 .debug_pubnames
                0x00000220       0x22 c:/altera/13.0/nios2eds/bin/gnu/h-i686-mingw32/bin/../lib/gcc/nios2-elf/4.1.2/../../../../nios2-elf/lib\libc.a(lib_a-wsetup.o)
 .debug_pubnames
                0x00000242       0x2b c:/altera/13.0/nios2eds/bin/gnu/h-i686-mingw32/bin/../lib/gcc/nios2-elf/4.1.2/../../../../nios2-elf/lib\libc.a(lib_a-fflush.o)
 .debug_pubnames
                0x0000026d       0xdb c:/altera/13.0/nios2eds/bin/gnu/h-i686-mingw32/bin/../lib/gcc/nios2-elf/4.1.2/../../../../nios2-elf/lib\libc.a(lib_a-findfp.o)
 .debug_pubnames
                0x00000348       0x31 c:/altera/13.0/nios2eds/bin/gnu/h-i686-mingw32/bin/../lib/gcc/nios2-elf/4.1.2/../../../../nios2-elf/lib\libc.a(lib_a-freer.o)
 .debug_pubnames
                0x00000379       0x2e c:/altera/13.0/nios2eds/bin/gnu/h-i686-mingw32/bin/../lib/gcc/nios2-elf/4.1.2/../../../../nios2-elf/lib\libc.a(lib_a-fwalk.o)
 .debug_pubnames
                0x000003a7       0x1c c:/altera/13.0/nios2eds/bin/gnu/h-i686-mingw32/bin/../lib/gcc/nios2-elf/4.1.2/../../../../nios2-elf/lib\libc.a(lib_a-int_errno.o)
 .debug_pubnames
                0x000003c3       0x23 c:/altera/13.0/nios2eds/bin/gnu/h-i686-mingw32/bin/../lib/gcc/nios2-elf/4.1.2/../../../../nios2-elf/lib\libc.a(lib_a-makebuf.o)
 .debug_pubnames
                0x000003e6       0x1d c:/altera/13.0/nios2eds/bin/gnu/h-i686-mingw32/bin/../lib/gcc/nios2-elf/4.1.2/../../../../nios2-elf/lib\libc.a(lib_a-memset.o)
 .debug_pubnames
                0x00000403       0x44 c:/altera/13.0/nios2eds/bin/gnu/h-i686-mingw32/bin/../lib/gcc/nios2-elf/4.1.2/../../../../nios2-elf/lib\libc.a(lib_a-stdio.o)
 .debug_pubnames
                0x00000447       0x1f c:/altera/13.0/nios2eds/bin/gnu/h-i686-mingw32/bin/../lib/gcc/nios2-elf/4.1.2/../../../../nios2-elf/lib\libc.a(lib_a-writer.o)
 .debug_pubnames
                0x00000466       0x1f c:/altera/13.0/nios2eds/bin/gnu/h-i686-mingw32/bin/../lib/gcc/nios2-elf/4.1.2/../../../../nios2-elf/lib\libc.a(lib_a-closer.o)
 .debug_pubnames
                0x00000485       0x2b c:/altera/13.0/nios2eds/bin/gnu/h-i686-mingw32/bin/../lib/gcc/nios2-elf/4.1.2/../../../../nios2-elf/lib\libc.a(lib_a-fclose.o)
 .debug_pubnames
                0x000004b0       0x1f c:/altera/13.0/nios2eds/bin/gnu/h-i686-mingw32/bin/../lib/gcc/nios2-elf/4.1.2/../../../../nios2-elf/lib\libc.a(lib_a-fstatr.o)
 .debug_pubnames
                0x000004cf       0x20 c:/altera/13.0/nios2eds/bin/gnu/h-i686-mingw32/bin/../lib/gcc/nios2-elf/4.1.2/../../../../nios2-elf/lib\libc.a(lib_a-isattyr.o)
 .debug_pubnames
                0x000004ef       0x1f c:/altera/13.0/nios2eds/bin/gnu/h-i686-mingw32/bin/../lib/gcc/nios2-elf/4.1.2/../../../../nios2-elf/lib\libc.a(lib_a-lseekr.o)
 .debug_pubnames
                0x0000050e       0x1e c:/altera/13.0/nios2eds/bin/gnu/h-i686-mingw32/bin/../lib/gcc/nios2-elf/4.1.2/../../../../nios2-elf/lib\libc.a(lib_a-readr.o)
 .debug_pubnames
                0x0000052c       0x1c ../hello_lab_bsp/\libhal_bsp.a(alt_close.o)
 .debug_pubnames
                0x00000548       0x63 ../hello_lab_bsp/\libhal_bsp.a(alt_dev.o)
 .debug_pubnames
                0x000005ab       0x20 ../hello_lab_bsp/\libhal_bsp.a(alt_errno.o)
 .debug_pubnames
                0x000005cb       0x1c ../hello_lab_bsp/\libhal_bsp.a(alt_fstat.o)
 .debug_pubnames
                0x000005e7       0x1d ../hello_lab_bsp/\libhal_bsp.a(alt_isatty.o)
 .debug_pubnames
                0x00000604       0x1c ../hello_lab_bsp/\libhal_bsp.a(alt_lseek.o)
 .debug_pubnames
                0x00000620       0x46 ../hello_lab_bsp/\libhal_bsp.a(alt_main.o)
 .debug_pubnames
                0x00000666       0x38 ../hello_lab_bsp/\libhal_bsp.a(alt_malloc_lock.o)
 .debug_pubnames
                0x0000069e       0x1b ../hello_lab_bsp/\libhal_bsp.a(alt_read.o)
 .debug_pubnames
                0x000006b9       0x25 ../hello_lab_bsp/\libhal_bsp.a(alt_release_fd.o)
 .debug_pubnames
                0x000006de       0x1b ../hello_lab_bsp/\libhal_bsp.a(alt_sbrk.o)
 .debug_pubnames
                0x000006f9       0x1c ../hello_lab_bsp/\libhal_bsp.a(alt_write.o)
 .debug_pubnames
                0x00000715       0x34 ../hello_lab_bsp/\libhal_bsp.a(alt_sys_init.o)
 .debug_pubnames
                0x00000749       0xac ../hello_lab_bsp/\libhal_bsp.a(altera_avalon_cfi_flash.o)
 .debug_pubnames
                0x000007f5      0x27a ../hello_lab_bsp/\libhal_bsp.a(altera_avalon_cfi_flash_table.o)
 .debug_pubnames
                0x00000a6f       0xa5 ../hello_lab_bsp/\libhal_bsp.a(altera_avalon_jtag_uart_fd.o)
 .debug_pubnames
                0x00000b14       0x55 ../hello_lab_bsp/\libhal_bsp.a(altera_avalon_jtag_uart_init.o)
 .debug_pubnames
                0x00000b69       0x34 ../hello_lab_bsp/\libhal_bsp.a(altera_avalon_jtag_uart_ioctl.o)
 .debug_pubnames
                0x00000b9d       0x33 ../hello_lab_bsp/\libhal_bsp.a(altera_avalon_jtag_uart_read.o)
 .debug_pubnames
                0x00000bd0       0x34 ../hello_lab_bsp/\libhal_bsp.a(altera_avalon_jtag_uart_write.o)
 .debug_pubnames
                0x00000c04       0x55 ../hello_lab_bsp/\libhal_bsp.a(altera_avalon_lcd_16207.o)
 .debug_pubnames
                0x00000c59       0x37 ../hello_lab_bsp/\libhal_bsp.a(altera_avalon_lcd_16207_fd.o)
 .debug_pubnames
                0x00000c90       0x2f ../hello_lab_bsp/\libhal_bsp.a(altera_avalon_timer_sc.o)
 .debug_pubnames
                0x00000cbf       0x71 ../hello_lab_bsp/\libhal_bsp.a(altera_avalon_uart_fd.o)
 .debug_pubnames
                0x00000d30       0x4b ../hello_lab_bsp/\libhal_bsp.a(altera_avalon_uart_init.o)
 .debug_pubnames
                0x00000d7b       0x2e ../hello_lab_bsp/\libhal_bsp.a(altera_avalon_uart_read.o)
 .debug_pubnames
                0x00000da9       0x2f ../hello_lab_bsp/\libhal_bsp.a(altera_avalon_uart_write.o)
 .debug_pubnames
                0x00000dd8      0x1ed ../hello_lab_bsp/\libhal_bsp.a(altera_up_avalon_ps2.o)
 .debug_pubnames
                0x00000fc5       0xa5 ../hello_lab_bsp/\libhal_bsp.a(altera_up_avalon_video_character_buffer_with_dma.o)
 .debug_pubnames
                0x0000106a       0x26 ../hello_lab_bsp/\libhal_bsp.a(alt_alarm_start.o)
 .debug_pubnames
                0x00001090       0x27 ../hello_lab_bsp/\libhal_bsp.a(alt_dcache_flush.o)
 .debug_pubnames
                0x000010b7       0x2b ../hello_lab_bsp/\libhal_bsp.a(alt_dev_llist_insert.o)
 .debug_pubnames
                0x000010e2       0x20 ../hello_lab_bsp/\libhal_bsp.a(alt_do_ctors.o)
 .debug_pubnames
                0x00001102       0x20 ../hello_lab_bsp/\libhal_bsp.a(alt_do_dtors.o)
 .debug_pubnames
                0x00001122       0x23 ../hello_lab_bsp/\libhal_bsp.a(alt_find_dev.o)
 .debug_pubnames
                0x00001145       0x58 ../hello_lab_bsp/\libhal_bsp.a(alt_flash_dev.o)
 .debug_pubnames
                0x0000119d       0x26 ../hello_lab_bsp/\libhal_bsp.a(alt_io_redirect.o)
 .debug_pubnames
                0x000011c3       0x27 ../hello_lab_bsp/\libhal_bsp.a(alt_irq_register.o)
 .debug_pubnames
                0x000011ea       0x3b ../hello_lab_bsp/\libhal_bsp.a(alt_irq_vars.o)
 .debug_pubnames
                0x00001225       0x1b ../hello_lab_bsp/\libhal_bsp.a(alt_open.o)
 .debug_pubnames
                0x00001240       0x68 ../hello_lab_bsp/\libhal_bsp.a(alt_tick.o)
 .debug_pubnames
                0x000012a8       0x1d ../hello_lab_bsp/\libhal_bsp.a(alt_usleep.o)
 .debug_pubnames
                0x000012c5       0x31 ../hello_lab_bsp/\libhal_bsp.a(altera_nios2_qsys_irq.o)
 .debug_pubnames
                0x000012f6       0x3e ../hello_lab_bsp/\libhal_bsp.a(altera_avalon_cfi_flash_amd.o)
 .debug_pubnames
                0x00001334       0x42 ../hello_lab_bsp/\libhal_bsp.a(altera_avalon_cfi_flash_intel.o)
 .debug_pubnames
                0x00001376       0x25 ../hello_lab_bsp/\libhal_bsp.a(alt_busy_sleep.o)
 .debug_pubnames
                0x0000139b       0x24 ../hello_lab_bsp/\libhal_bsp.a(alt_find_file.o)
 .debug_pubnames
                0x000013bf       0x21 ../hello_lab_bsp/\libhal_bsp.a(alt_get_fd.o)
 .debug_pubnames
                0x000013e0       0x32 ../hello_lab_bsp/\libhal_bsp.a(alt_irq_handler.o)
 .debug_pubnames
                0x00001412       0x2a c:/altera/13.0/nios2eds/bin/gnu/h-i686-mingw32/bin/../lib/gcc/nios2-elf/4.1.2/../../../../nios2-elf/lib\libc.a(lib_a-atexit.o)
 .debug_pubnames
                0x0000143c       0x2e c:/altera/13.0/nios2eds/bin/gnu/h-i686-mingw32/bin/../lib/gcc/nios2-elf/4.1.2/../../../../nios2-elf/lib\libc.a(lib_a-ctype_.o)
 .debug_pubnames
                0x0000146a       0x1b c:/altera/13.0/nios2eds/bin/gnu/h-i686-mingw32/bin/../lib/gcc/nios2-elf/4.1.2/../../../../nios2-elf/lib\libc.a(lib_a-exit.o)
 .debug_pubnames
                0x00001485       0x1d c:/altera/13.0/nios2eds/bin/gnu/h-i686-mingw32/bin/../lib/gcc/nios2-elf/4.1.2/../../../../nios2-elf/lib\libc.a(lib_a-memcmp.o)
 .debug_pubnames
                0x000014a2       0x1d c:/altera/13.0/nios2eds/bin/gnu/h-i686-mingw32/bin/../lib/gcc/nios2-elf/4.1.2/../../../../nios2-elf/lib\libc.a(lib_a-strcmp.o)
 .debug_pubnames
                0x000014bf       0x2a c:/altera/13.0/nios2eds/bin/gnu/h-i686-mingw32/bin/../lib/gcc/nios2-elf/4.1.2/../../../../nios2-elf/lib\libc.a(lib_a-__atexit.o)
 .debug_pubnames
                0x000014e9       0x27 c:/altera/13.0/nios2eds/bin/gnu/h-i686-mingw32/bin/../lib/gcc/nios2-elf/4.1.2/../../../../nios2-elf/lib\libc.a(lib_a-__call_atexit.o)
 .debug_pubnames
                0x00001510       0x1c ../hello_lab_bsp/\libhal_bsp.a(alt_exit.o)

.debug_info     0x00000000    0x20a17
 *(.debug_info .gnu.linkonce.wi.*)
 .debug_info    0x00000000       0x7b ../hello_lab_bsp//obj/HAL/src/crt0.o
 .debug_info    0x0000007b      0x136 obj/default/hello_world.o
 .debug_info    0x000001b1      0xa25 c:/altera/13.0/nios2eds/bin/gnu/h-i686-mingw32/bin/../lib/gcc/nios2-elf/4.1.2/../../../../nios2-elf/lib\libc.a(lib_a-puts.o)
 .debug_info    0x00000bd6       0xdb c:/altera/13.0/nios2eds/bin/gnu/h-i686-mingw32/bin/../lib/gcc/nios2-elf/4.1.2/../../../../nios2-elf/lib\libc.a(lib_a-strlen.o)
 .debug_info    0x00000cb1      0xa88 c:/altera/13.0/nios2eds/bin/gnu/h-i686-mingw32/bin/../lib/gcc/nios2-elf/4.1.2/../../../../nios2-elf/lib\libc.a(lib_a-fvwrite.o)
 .debug_info    0x00001739      0x93d c:/altera/13.0/nios2eds/bin/gnu/h-i686-mingw32/bin/../lib/gcc/nios2-elf/4.1.2/../../../../nios2-elf/lib\libc.a(lib_a-impure.o)
 .debug_info    0x00002076      0xcd0 c:/altera/13.0/nios2eds/bin/gnu/h-i686-mingw32/bin/../lib/gcc/nios2-elf/4.1.2/../../../../nios2-elf/lib\libc.a(lib_a-mallocr.o)
 .debug_info    0x00002d46      0x138 c:/altera/13.0/nios2eds/bin/gnu/h-i686-mingw32/bin/../lib/gcc/nios2-elf/4.1.2/../../../../nios2-elf/lib\libc.a(lib_a-memchr.o)
 .debug_info    0x00002e7e      0x106 c:/altera/13.0/nios2eds/bin/gnu/h-i686-mingw32/bin/../lib/gcc/nios2-elf/4.1.2/../../../../nios2-elf/lib\libc.a(lib_a-memcpy.o)
 .debug_info    0x00002f84      0x13e c:/altera/13.0/nios2eds/bin/gnu/h-i686-mingw32/bin/../lib/gcc/nios2-elf/4.1.2/../../../../nios2-elf/lib\libc.a(lib_a-memmove.o)
 .debug_info    0x000030c2      0xbd7 c:/altera/13.0/nios2eds/bin/gnu/h-i686-mingw32/bin/../lib/gcc/nios2-elf/4.1.2/../../../../nios2-elf/lib\libc.a(lib_a-reallocr.o)
 .debug_info    0x00003c99      0x962 c:/altera/13.0/nios2eds/bin/gnu/h-i686-mingw32/bin/../lib/gcc/nios2-elf/4.1.2/../../../../nios2-elf/lib\libc.a(lib_a-sbrkr.o)
 .debug_info    0x000045fb      0x95d c:/altera/13.0/nios2eds/bin/gnu/h-i686-mingw32/bin/../lib/gcc/nios2-elf/4.1.2/../../../../nios2-elf/lib\libc.a(lib_a-wsetup.o)
 .debug_info    0x00004f58      0x9fe c:/altera/13.0/nios2eds/bin/gnu/h-i686-mingw32/bin/../lib/gcc/nios2-elf/4.1.2/../../../../nios2-elf/lib\libc.a(lib_a-fflush.o)
 .debug_info    0x00005956      0xb72 c:/altera/13.0/nios2eds/bin/gnu/h-i686-mingw32/bin/../lib/gcc/nios2-elf/4.1.2/../../../../nios2-elf/lib\libc.a(lib_a-findfp.o)
 .debug_info    0x000064c8      0xbc9 c:/altera/13.0/nios2eds/bin/gnu/h-i686-mingw32/bin/../lib/gcc/nios2-elf/4.1.2/../../../../nios2-elf/lib\libc.a(lib_a-freer.o)
 .debug_info    0x00007091      0xaed c:/altera/13.0/nios2eds/bin/gnu/h-i686-mingw32/bin/../lib/gcc/nios2-elf/4.1.2/../../../../nios2-elf/lib\libc.a(lib_a-fwalk.o)
 .debug_info    0x00007b7e       0x8c c:/altera/13.0/nios2eds/bin/gnu/h-i686-mingw32/bin/../lib/gcc/nios2-elf/4.1.2/../../../../nios2-elf/lib\libc.a(lib_a-int_errno.o)
 .debug_info    0x00007c0a      0xb1a c:/altera/13.0/nios2eds/bin/gnu/h-i686-mingw32/bin/../lib/gcc/nios2-elf/4.1.2/../../../../nios2-elf/lib\libc.a(lib_a-makebuf.o)
 .debug_info    0x00008724      0x113 c:/altera/13.0/nios2eds/bin/gnu/h-i686-mingw32/bin/../lib/gcc/nios2-elf/4.1.2/../../../../nios2-elf/lib\libc.a(lib_a-memset.o)
 .debug_info    0x00008837      0xaac c:/altera/13.0/nios2eds/bin/gnu/h-i686-mingw32/bin/../lib/gcc/nios2-elf/4.1.2/../../../../nios2-elf/lib\libc.a(lib_a-stdio.o)
 .debug_info    0x000092e3      0x993 c:/altera/13.0/nios2eds/bin/gnu/h-i686-mingw32/bin/../lib/gcc/nios2-elf/4.1.2/../../../../nios2-elf/lib\libc.a(lib_a-writer.o)
 .debug_info    0x00009c76      0x958 c:/altera/13.0/nios2eds/bin/gnu/h-i686-mingw32/bin/../lib/gcc/nios2-elf/4.1.2/../../../../nios2-elf/lib\libc.a(lib_a-closer.o)
 .debug_info    0x0000a5ce      0x994 c:/altera/13.0/nios2eds/bin/gnu/h-i686-mingw32/bin/../lib/gcc/nios2-elf/4.1.2/../../../../nios2-elf/lib\libc.a(lib_a-fclose.o)
 .debug_info    0x0000af62      0xafc c:/altera/13.0/nios2eds/bin/gnu/h-i686-mingw32/bin/../lib/gcc/nios2-elf/4.1.2/../../../../nios2-elf/lib\libc.a(lib_a-fstatr.o)
 .debug_info    0x0000ba5e      0x958 c:/altera/13.0/nios2eds/bin/gnu/h-i686-mingw32/bin/../lib/gcc/nios2-elf/4.1.2/../../../../nios2-elf/lib\libc.a(lib_a-isattyr.o)
 .debug_info    0x0000c3b6      0x981 c:/altera/13.0/nios2eds/bin/gnu/h-i686-mingw32/bin/../lib/gcc/nios2-elf/4.1.2/../../../../nios2-elf/lib\libc.a(lib_a-lseekr.o)
 .debug_info    0x0000cd37      0x98c c:/altera/13.0/nios2eds/bin/gnu/h-i686-mingw32/bin/../lib/gcc/nios2-elf/4.1.2/../../../../nios2-elf/lib\libc.a(lib_a-readr.o)
 .debug_info    0x0000d6c3      0x463 ../hello_lab_bsp/\libhal_bsp.a(alt_close.o)
 .debug_info    0x0000db26      0x67b ../hello_lab_bsp/\libhal_bsp.a(alt_dev.o)
 .debug_info    0x0000e1a1      0x160 ../hello_lab_bsp/\libhal_bsp.a(alt_errno.o)
 .debug_info    0x0000e301      0x65c ../hello_lab_bsp/\libhal_bsp.a(alt_fstat.o)
 .debug_info    0x0000e95d      0x662 ../hello_lab_bsp/\libhal_bsp.a(alt_isatty.o)
 .debug_info    0x0000efbf      0x496 ../hello_lab_bsp/\libhal_bsp.a(alt_lseek.o)
 .debug_info    0x0000f455      0x268 ../hello_lab_bsp/\libhal_bsp.a(alt_main.o)
 .debug_info    0x0000f6bd      0xc14 ../hello_lab_bsp/\libhal_bsp.a(alt_malloc_lock.o)
 .debug_info    0x000102d1      0x686 ../hello_lab_bsp/\libhal_bsp.a(alt_read.o)
 .debug_info    0x00010957      0x3ee ../hello_lab_bsp/\libhal_bsp.a(alt_release_fd.o)
 .debug_info    0x00010d45      0x2fa ../hello_lab_bsp/\libhal_bsp.a(alt_sbrk.o)
 .debug_info    0x0001103f      0x68f ../hello_lab_bsp/\libhal_bsp.a(alt_write.o)
 .debug_info    0x000116ce     0x12d9 ../hello_lab_bsp/\libhal_bsp.a(alt_sys_init.o)
 .debug_info    0x000129a7      0xb45 ../hello_lab_bsp/\libhal_bsp.a(altera_avalon_cfi_flash.o)
 .debug_info    0x000134ec      0xe31 ../hello_lab_bsp/\libhal_bsp.a(altera_avalon_cfi_flash_table.o)
 .debug_info    0x0001431d      0x7d5 ../hello_lab_bsp/\libhal_bsp.a(altera_avalon_jtag_uart_fd.o)
 .debug_info    0x00014af2      0x63d ../hello_lab_bsp/\libhal_bsp.a(altera_avalon_jtag_uart_init.o)
 .debug_info    0x0001512f      0x43f ../hello_lab_bsp/\libhal_bsp.a(altera_avalon_jtag_uart_ioctl.o)
 .debug_info    0x0001556e      0x575 ../hello_lab_bsp/\libhal_bsp.a(altera_avalon_jtag_uart_read.o)
 .debug_info    0x00015ae3      0x56d ../hello_lab_bsp/\libhal_bsp.a(altera_avalon_jtag_uart_write.o)
 .debug_info    0x00016050      0x8ea ../hello_lab_bsp/\libhal_bsp.a(altera_avalon_lcd_16207.o)
 .debug_info    0x0001693a      0x70e ../hello_lab_bsp/\libhal_bsp.a(altera_avalon_lcd_16207_fd.o)
 .debug_info    0x00017048      0x3c7 ../hello_lab_bsp/\libhal_bsp.a(altera_avalon_timer_sc.o)
 .debug_info    0x0001740f      0x638 ../hello_lab_bsp/\libhal_bsp.a(altera_avalon_uart_fd.o)
 .debug_info    0x00017a47      0x54a ../hello_lab_bsp/\libhal_bsp.a(altera_avalon_uart_init.o)